
Allocating common symbols
Common symbol       size              file

mousedata0          0x4               mouse.o
keyfifo             0x4               keyboard.o
taskctl             0x4               mtask.o
keybuf              0x2c              int.o
timerctl            0x2eec            timer.o
mousefifo           0x4               mouse.o
task_timer          0x4               mtask.o
keydata0            0x4               keyboard.o

Discarded input sections

 .eh_frame      0x0000000000000000       0x74 bootpack.o
 .eh_frame      0x0000000000000000      0x120 graphic.o
 .eh_frame      0x0000000000000000       0x78 dsctbl.o
 .eh_frame      0x0000000000000000       0x7c mysprintf.o
 .eh_frame      0x0000000000000000       0x58 int.o
 .eh_frame      0x0000000000000000       0x98 fifo.o
 .eh_frame      0x0000000000000000       0x78 keyboard.o
 .eh_frame      0x0000000000000000       0x78 mouse.o
 .eh_frame      0x0000000000000000      0x104 memory.o
 .eh_frame      0x0000000000000000      0x15c sheet.o
 .eh_frame      0x0000000000000000      0x118 timer.o
 .eh_frame      0x0000000000000000      0x16c mtask.o
 .eh_frame      0x0000000000000000       0x58 myfunction.o
 .eh_frame      0x0000000000000000       0xd0 window.o
 .eh_frame      0x0000000000000000      0x204 console.o
 .eh_frame      0x0000000000000000       0x78 file.o

Memory Configuration

Name             Origin             Length             Attributes
*default*        0x0000000000000000 0xffffffffffffffff

Linker script and memory map

LOAD bootpack.o
LOAD graphic.o
LOAD dsctbl.o
LOAD naskfunc.o
LOAD hankaku.o
LOAD mysprintf.o
LOAD int.o
LOAD fifo.o
LOAD keyboard.o
LOAD mouse.o
LOAD memory.o
LOAD sheet.o
LOAD timer.o
LOAD mtask.o
LOAD myfunction.o
LOAD window.o
LOAD console.o
LOAD file.o

.head           0x0000000000000000       0x24
                0x0000000000000000        0x4 LONG 0x10000
                0x0000000000000004        0x4 LONG 0x69726148
                0x0000000000000008        0x4 LONG 0x0
                0x000000000000000c        0x4 LONG 0x310000
                0x0000000000000010        0x4 LONG 0x1425 SIZEOF (.data)
                0x0000000000000014        0x4 LONG 0x5791 LOADADDR (.data)
                0x0000000000000018        0x4 LONG 0xe9000000
                0x000000000000001c        0x4 LONG 0x10 (HariMain - 0x20)
                0x0000000000000020        0x4 LONG 0x0

.text           0x0000000000000030     0x5761
 *(.text)
 .text          0x0000000000000030      0xe76 bootpack.o
                0x0000000000000030                HariMain
                0x0000000000000dde                keywin_off
                0x0000000000000e56                keywin_on
 .text          0x0000000000000ea6      0x5ad graphic.o
                0x0000000000000ea6                boxfill8
                0x0000000000000ef5                init_palette
                0x0000000000000f12                set_palette
                0x0000000000000fb8                init_screen
                0x00000000000011d3                putfont8
                0x00000000000012cb                putfonts8_asc
                0x0000000000001317                init_mouse_cursor8
                0x00000000000013e7                putblock8_8
 .text          0x0000000000001453      0x261 dsctbl.o
                0x0000000000001453                init_gdtidt
                0x00000000000015fe                set_segmdesc
                0x0000000000001675                set_gatedesc
 *fill*         0x00000000000016b4        0xc 
 .text          0x00000000000016c0      0x1c3 naskfunc.o
                0x00000000000016c0                io_hlt
                0x00000000000016c2                io_cli
                0x00000000000016c4                io_sti
                0x00000000000016c6                io_stihlt
                0x00000000000016c9                io_in8
                0x00000000000016d4                io_in16
                0x00000000000016e0                io_in32
                0x00000000000016e6                io_out8
                0x00000000000016f0                io_out16
                0x00000000000016fb                io_out32
                0x0000000000001705                io_load_eflags
                0x0000000000001708                io_store_eflags
                0x000000000000170f                load_gdtr
                0x000000000000171f                load_idtr
                0x000000000000172f                load_cr0
                0x0000000000001733                store_cr0
                0x000000000000173b                load_tr
                0x0000000000001741                asm_inthandler20
                0x0000000000001758                asm_inthandler21
                0x000000000000176f                asm_inthandler27
                0x0000000000001786                asm_inthandler2c
                0x000000000000179d                asm_inthandler0c
                0x00000000000017c1                asm_inthandler0d
                0x00000000000017e1                memtest_sub
                0x0000000000001823                farjmp
                0x0000000000001828                farcall
                0x000000000000182d                asm_hrb_api
                0x000000000000184a                asm_end_app
                0x0000000000001855                start_app
 .text          0x0000000000001883        0x0 hankaku.o
 .text          0x0000000000001883      0x1a2 mysprintf.o
                0x0000000000001883                dec2asc
                0x00000000000018fe                hex2asc
                0x0000000000001989                sprintf
 .text          0x0000000000001a25       0xf3 int.o
                0x0000000000001a25                init_pic
                0x0000000000001b00                inthandler27
 .text          0x0000000000001b18      0x178 fifo.o
                0x0000000000001b18                fifo32_init
                0x0000000000001b5f                fifo32_put
                0x0000000000001c0c                fifo32_get
                0x0000000000001c7b                fifo32_status
 .text          0x0000000000001c90       0xa6 keyboard.o
                0x0000000000001c90                wait_KBC_sendready
                0x0000000000001cb0                init_keyboard
                0x0000000000001cf1                inthandler21
 .text          0x0000000000001d36      0x1d8 mouse.o
                0x0000000000001d36                enable_mouse
                0x0000000000001d84                mouse_decode
                0x0000000000001eb7                inthandler2c
 .text          0x0000000000001f0e      0x4ab memory.o
                0x0000000000001f0e                memtest
                0x0000000000001fc5                memman_init
                0x0000000000001ff2                memman_total
                0x000000000000202a                memman_alloc
                0x0000000000002111                memman_free
                0x000000000000235e                memman_alloc_4k
                0x000000000000238a                memman_free_4k
 .text          0x00000000000023b9      0xa82 sheet.o
                0x00000000000023b9                shtctl_init
                0x000000000000249b                sheet_alloc
                0x000000000000251b                sheet_setbuf
                0x0000000000002544                sheet_updown
                0x00000000000028c3                sheet_refresh
                0x0000000000002937                sheet_slide
                0x0000000000002a56                sheet_free
                0x0000000000002a83                sheet_refreshsub
                0x0000000000002c6d                sheet_refreshmap
 .text          0x0000000000002e3b      0x3d3 timer.o
                0x0000000000002e3b                init_pit
                0x0000000000002ee1                timer_alloc
                0x0000000000002f5e                timer_free
                0x0000000000002f6e                timer_init
                0x0000000000002f86                timer_settime
                0x0000000000003035                inthandler20
                0x00000000000030e3                timer_cancel
                0x0000000000003183                timer_cancelall
 .text          0x000000000000320e      0x710 mtask.o
                0x000000000000320e                task_init
                0x0000000000003452                task_alloc
                0x000000000000357d                task_run
                0x00000000000035f3                task_switch
                0x00000000000036e7                task_sleep
                0x000000000000373a                task_now
                0x0000000000003780                task_add
                0x00000000000037df                task_remove
                0x00000000000038b0                task_switchsub
                0x0000000000003911                task_idle
 .text          0x000000000000391e       0xa4 myfunction.o
                0x000000000000391e                strcmp
                0x0000000000003963                strncmp
 .text          0x00000000000039c2      0x5fc window.o
                0x00000000000039c2                make_window8
                0x0000000000003b4c                make_wtitle8
                0x0000000000003c3b                putfonts8_asc_sht
                0x0000000000003cda                make_textbox8
                0x0000000000003ed9                change_wtitle8
 .text          0x0000000000003fbe     0x1528 console.o
                0x0000000000003fbe                console_task
                0x0000000000004370                cons_putchar
                0x0000000000004475                cons_newline
                0x0000000000004578                cons_runcmd
                0x0000000000004663                cmd_mem
                0x00000000000046b1                cmd_cls
                0x000000000000472d                cmd_dir
                0x0000000000004858                cmd_type
                0x0000000000004946                cmd_app
                0x0000000000004c62                cons_putstr0
                0x0000000000004c92                cons_putstr1
                0x0000000000004cd2                hrb_api
                0x00000000000052fe                inthandler0c
                0x0000000000005360                inthandler0d
                0x00000000000053c2                hrb_api_linewin
 .text          0x00000000000054e6      0x2ab file.o
                0x00000000000054e6                file_readfat
                0x0000000000005590                file_loadfile
                0x0000000000005634                file_search

.data           0x0000000000310000     0x1425 load address 0x0000000000005791
 *(.data)
 .data          0x0000000000310000      0x100 bootpack.o
 .data          0x0000000000310100      0x140 graphic.o
 .data          0x0000000000310240        0x0 dsctbl.o
 .data          0x0000000000310240     0x1000 hankaku.o
                0x0000000000310240                hankaku
 .data          0x0000000000311240        0x0 mysprintf.o
 .data          0x0000000000311240        0x0 int.o
 .data          0x0000000000311240        0x0 fifo.o
 .data          0x0000000000311240        0x0 keyboard.o
 .data          0x0000000000311240        0x0 mouse.o
 .data          0x0000000000311240        0x0 memory.o
 .data          0x0000000000311240        0x0 sheet.o
 .data          0x0000000000311240        0x0 timer.o
 .data          0x0000000000311240        0x0 mtask.o
 .data          0x0000000000311240        0x0 myfunction.o
 .data          0x0000000000311240       0xe0 window.o
 .data          0x0000000000311320        0x0 console.o
 .data          0x0000000000311320        0x0 file.o
 *(.rodata*)
 .rodata        0x0000000000311320       0x31 bootpack.o
 *fill*         0x0000000000311351        0x3 
 .rodata        0x0000000000311354       0xd1 console.o
 *(.bss)
 .bss           0x0000000000311425        0x0 bootpack.o
 .bss           0x0000000000311425        0x0 graphic.o
 .bss           0x0000000000311425        0x0 dsctbl.o
 .bss           0x0000000000311425        0x0 hankaku.o
 .bss           0x0000000000311425        0x0 mysprintf.o
 .bss           0x0000000000311425        0x0 int.o
 .bss           0x0000000000311425        0x0 fifo.o
 .bss           0x0000000000311425        0x0 keyboard.o
 .bss           0x0000000000311425        0x0 mouse.o
 .bss           0x0000000000311425        0x0 memory.o
 .bss           0x0000000000311425        0x0 sheet.o
 .bss           0x0000000000311425        0x0 timer.o
 .bss           0x0000000000311425        0x0 mtask.o
 .bss           0x0000000000311425        0x0 myfunction.o
 .bss           0x0000000000311425        0x0 window.o
 .bss           0x0000000000311425        0x0 console.o
 .bss           0x0000000000311425        0x0 file.o

/DISCARD/
 *(.eh_frame)
OUTPUT(bootpack.hrb binary)

.comment        0x0000000000000000      0x132
 .comment       0x0000000000000000       0x12 bootpack.o
 .comment       0x0000000000000012       0x12 graphic.o
 .comment       0x0000000000000024       0x12 dsctbl.o
 .comment       0x0000000000000036       0x12 hankaku.o
 .comment       0x0000000000000048       0x12 mysprintf.o
 .comment       0x000000000000005a       0x12 int.o
 .comment       0x000000000000006c       0x12 fifo.o
 .comment       0x000000000000007e       0x12 keyboard.o
 .comment       0x0000000000000090       0x12 mouse.o
 .comment       0x00000000000000a2       0x12 memory.o
 .comment       0x00000000000000b4       0x12 sheet.o
 .comment       0x00000000000000c6       0x12 timer.o
 .comment       0x00000000000000d8       0x12 mtask.o
 .comment       0x00000000000000ea       0x12 myfunction.o
 .comment       0x00000000000000fc       0x12 window.o
 .comment       0x000000000000010e       0x12 console.o
 .comment       0x0000000000000120       0x12 file.o

.debug_aranges  0x0000000000000000       0x20
 .debug_aranges
                0x0000000000000000       0x20 naskfunc.o

.debug_pubnames
                0x0000000000000000        0x0
 .debug_pubnames
                0x0000000000000000        0x0 naskfunc.o

.debug_info     0x0000000000000000       0x3e
 .debug_info    0x0000000000000000       0x3e naskfunc.o

.debug_abbrev   0x0000000000000000       0x1b
 .debug_abbrev  0x0000000000000000       0x1b naskfunc.o

.debug_line     0x0000000000000000      0x115
 .debug_line    0x0000000000000000      0x115 naskfunc.o

.debug_frame    0x0000000000000000        0x0
 .debug_frame   0x0000000000000000        0x0 naskfunc.o

.debug_loc      0x0000000000000000        0x0
 .debug_loc     0x0000000000000000        0x0 naskfunc.o

.bss            0x0000000000311440     0x2f34 load address 0x0000000000006be0
 COMMON         0x0000000000311440       0x2c int.o
                0x0000000000311440                keybuf
 COMMON         0x000000000031146c        0x8 keyboard.o
                0x000000000031146c                keyfifo
                0x0000000000311470                keydata0
 COMMON         0x0000000000311474        0x8 mouse.o
                0x0000000000311474                mousedata0
                0x0000000000311478                mousefifo
 *fill*         0x000000000031147c        0x4 
 COMMON         0x0000000000311480     0x2eec timer.o
                0x0000000000311480                timerctl
 COMMON         0x000000000031436c        0x8 mtask.o
                0x000000000031436c                taskctl
                0x0000000000314370                task_timer
