
Allocating common symbols
Common symbol       size              file

mousedata0          0x4               mouse.o
keyfifo             0x4               keyboard.o
taskctl             0x4               mtask.o
keybuf              0x2c              int.o
timerctl            0x2eec            timer.o
mousefifo           0x4               mouse.o
task_timer          0x4               mtask.o
keydata0            0x4               keyboard.o

Discarded input sections

 .eh_frame      0x0000000000000000       0xf4 bootpack.o
 .eh_frame      0x0000000000000000      0x124 graphic.o
 .eh_frame      0x0000000000000000       0x78 dsctbl.o
 .eh_frame      0x0000000000000000       0x7c mysprintf.o
 .eh_frame      0x0000000000000000       0x58 int.o
 .eh_frame      0x0000000000000000       0x98 fifo.o
 .eh_frame      0x0000000000000000       0x78 keyboard.o
 .eh_frame      0x0000000000000000       0x78 mouse.o
 .eh_frame      0x0000000000000000      0x104 memory.o
 .eh_frame      0x0000000000000000      0x15c sheet.o
 .eh_frame      0x0000000000000000      0x118 timer.o
 .eh_frame      0x0000000000000000      0x16c mtask.o
 .eh_frame      0x0000000000000000       0x58 myfunction.o
 .eh_frame      0x0000000000000000       0xd0 window.o
 .eh_frame      0x0000000000000000      0x264 console.o
 .eh_frame      0x0000000000000000       0x78 file.o

Memory Configuration

Name             Origin             Length             Attributes
*default*        0x0000000000000000 0xffffffffffffffff

Linker script and memory map

LOAD bootpack.o
LOAD graphic.o
LOAD dsctbl.o
LOAD naskfunc.o
LOAD hankaku.o
LOAD mysprintf.o
LOAD int.o
LOAD fifo.o
LOAD keyboard.o
LOAD mouse.o
LOAD memory.o
LOAD sheet.o
LOAD timer.o
LOAD mtask.o
LOAD myfunction.o
LOAD window.o
LOAD console.o
LOAD file.o

.head           0x0000000000000000       0x24
                0x0000000000000000        0x4 LONG 0x10000
                0x0000000000000004        0x4 LONG 0x69726148
                0x0000000000000008        0x4 LONG 0x0
                0x000000000000000c        0x4 LONG 0x310000
                0x0000000000000010        0x4 LONG 0x1429 SIZEOF (.data)
                0x0000000000000014        0x4 LONG 0x61f6 LOADADDR (.data)
                0x0000000000000018        0x4 LONG 0xe9000000
                0x000000000000001c        0x4 LONG 0x10 (HariMain - 0x20)
                0x0000000000000020        0x4 LONG 0x0

.text           0x0000000000000030     0x61c6
 *(.text)
 .text          0x0000000000000030      0xedf bootpack.o
                0x0000000000000030                HariMain
                0x0000000000000c2c                keywin_off
                0x0000000000000c6a                keywin_on
                0x0000000000000ca8                open_constask
                0x0000000000000da7                open_console
                0x0000000000000e62                close_constask
                0x0000000000000ec1                close_console
 .text          0x0000000000000f0f      0x6f7 graphic.o
                0x0000000000000f0f                boxfill8
                0x0000000000000f5e                init_palette
                0x00000000000010c5                set_palette
                0x000000000000116b                init_screen
                0x0000000000001386                putfont8
                0x000000000000147e                putfonts8_asc
                0x00000000000014ca                init_mouse_cursor8
                0x000000000000159a                putblock8_8
 .text          0x0000000000001606      0x261 dsctbl.o
                0x0000000000001606                init_gdtidt
                0x00000000000017b1                set_segmdesc
                0x0000000000001828                set_gatedesc
 *fill*         0x0000000000001867        0x9 
 .text          0x0000000000001870      0x1c3 naskfunc.o
                0x0000000000001870                io_hlt
                0x0000000000001872                io_cli
                0x0000000000001874                io_sti
                0x0000000000001876                io_stihlt
                0x0000000000001879                io_in8
                0x0000000000001884                io_in16
                0x0000000000001890                io_in32
                0x0000000000001896                io_out8
                0x00000000000018a0                io_out16
                0x00000000000018ab                io_out32
                0x00000000000018b5                io_load_eflags
                0x00000000000018b8                io_store_eflags
                0x00000000000018bf                load_gdtr
                0x00000000000018cf                load_idtr
                0x00000000000018df                load_cr0
                0x00000000000018e3                store_cr0
                0x00000000000018eb                load_tr
                0x00000000000018f1                asm_inthandler20
                0x0000000000001908                asm_inthandler21
                0x000000000000191f                asm_inthandler27
                0x0000000000001936                asm_inthandler2c
                0x000000000000194d                asm_inthandler0c
                0x0000000000001971                asm_inthandler0d
                0x0000000000001991                memtest_sub
                0x00000000000019d3                farjmp
                0x00000000000019d8                farcall
                0x00000000000019dd                asm_hrb_api
                0x00000000000019fa                asm_end_app
                0x0000000000001a05                start_app
 .text          0x0000000000001a33        0x0 hankaku.o
 .text          0x0000000000001a33      0x1a2 mysprintf.o
                0x0000000000001a33                dec2asc
                0x0000000000001aae                hex2asc
                0x0000000000001b39                sprintf
 .text          0x0000000000001bd5       0xf3 int.o
                0x0000000000001bd5                init_pic
                0x0000000000001cb0                inthandler27
 .text          0x0000000000001cc8      0x178 fifo.o
                0x0000000000001cc8                fifo32_init
                0x0000000000001d0f                fifo32_put
                0x0000000000001dbc                fifo32_get
                0x0000000000001e2b                fifo32_status
 .text          0x0000000000001e40       0xa6 keyboard.o
                0x0000000000001e40                wait_KBC_sendready
                0x0000000000001e60                init_keyboard
                0x0000000000001ea1                inthandler21
 .text          0x0000000000001ee6      0x1d8 mouse.o
                0x0000000000001ee6                enable_mouse
                0x0000000000001f34                mouse_decode
                0x0000000000002067                inthandler2c
 .text          0x00000000000020be      0x4ab memory.o
                0x00000000000020be                memtest
                0x0000000000002175                memman_init
                0x00000000000021a2                memman_total
                0x00000000000021da                memman_alloc
                0x00000000000022c1                memman_free
                0x000000000000250e                memman_alloc_4k
                0x000000000000253a                memman_free_4k
 .text          0x0000000000002569     0x101b sheet.o
                0x0000000000002569                shtctl_init
                0x000000000000264b                sheet_alloc
                0x00000000000026cb                sheet_setbuf
                0x00000000000026f4                sheet_updown
                0x0000000000002a73                sheet_refresh
                0x0000000000002ae7                sheet_slide
                0x0000000000002c06                sheet_free
                0x0000000000002c33                sheet_refreshsub
                0x000000000000326a                sheet_refreshmap
 .text          0x0000000000003584      0x3d3 timer.o
                0x0000000000003584                init_pit
                0x000000000000362a                timer_alloc
                0x00000000000036a7                timer_free
                0x00000000000036b7                timer_init
                0x00000000000036cf                timer_settime
                0x000000000000377e                inthandler20
                0x000000000000382c                timer_cancel
                0x00000000000038cc                timer_cancelall
 .text          0x0000000000003957      0x6f7 mtask.o
                0x0000000000003957                task_init
                0x0000000000003b8c                task_alloc
                0x0000000000003cad                task_run
                0x0000000000003d23                task_switch
                0x0000000000003e17                task_sleep
                0x0000000000003e6a                task_now
                0x0000000000003eb0                task_add
                0x0000000000003f0f                task_remove
                0x0000000000003fe0                task_switchsub
                0x0000000000004041                task_idle
 .text          0x000000000000404e       0xa4 myfunction.o
                0x000000000000404e                strcmp
                0x0000000000004093                strncmp
 .text          0x00000000000040f2      0x5fc window.o
                0x00000000000040f2                make_window8
                0x000000000000427c                make_wtitle8
                0x000000000000436b                putfonts8_asc_sht
                0x000000000000440a                make_textbox8
                0x0000000000004609                change_wtitle8
 .text          0x00000000000046ee     0x185d console.o
                0x00000000000046ee                console_task
                0x0000000000004a39                cons_putchar
                0x0000000000004b54                cons_newline
                0x0000000000004c61                cons_runcmd
                0x0000000000004e03                cmd_mem
                0x0000000000004e51                cmd_cls
                0x0000000000004ecd                cmd_dir
                0x0000000000004ff8                cmd_type
                0x00000000000050e6                cmd_exit
                0x00000000000051fd                cmd_start
                0x00000000000052b4                cmd_ncst
                0x0000000000005336                cmd_app
                0x0000000000005693                cons_putstr0
                0x00000000000056c3                cons_putstr1
                0x0000000000005703                hrb_api
                0x0000000000005d5f                inthandler0c
                0x0000000000005dc3                inthandler0d
                0x0000000000005e27                hrb_api_linewin
 .text          0x0000000000005f4b      0x2ab file.o
                0x0000000000005f4b                file_readfat
                0x0000000000005ff5                file_loadfile
                0x0000000000006099                file_search

.data           0x0000000000310000     0x1429 load address 0x00000000000061f6
 *(.data)
 .data          0x0000000000310000      0x100 bootpack.o
 .data          0x0000000000310100      0x140 graphic.o
 .data          0x0000000000310240        0x0 dsctbl.o
 .data          0x0000000000310240     0x1000 hankaku.o
                0x0000000000310240                hankaku
 .data          0x0000000000311240        0x0 mysprintf.o
 .data          0x0000000000311240        0x0 int.o
 .data          0x0000000000311240        0x0 fifo.o
 .data          0x0000000000311240        0x0 keyboard.o
 .data          0x0000000000311240        0x0 mouse.o
 .data          0x0000000000311240        0x0 memory.o
 .data          0x0000000000311240        0x0 sheet.o
 .data          0x0000000000311240        0x0 timer.o
 .data          0x0000000000311240        0x0 mtask.o
 .data          0x0000000000311240        0x0 myfunction.o
 .data          0x0000000000311240       0xe0 window.o
 .data          0x0000000000311320        0x0 console.o
 .data          0x0000000000311320        0x0 file.o
 *(.rodata*)
 .rodata        0x0000000000311320       0x28 bootpack.o
 .rodata        0x0000000000311348       0xe1 console.o
 *(.bss)
 .bss           0x0000000000311429        0x0 bootpack.o
 .bss           0x0000000000311429        0x0 graphic.o
 .bss           0x0000000000311429        0x0 dsctbl.o
 .bss           0x0000000000311429        0x0 hankaku.o
 .bss           0x0000000000311429        0x0 mysprintf.o
 .bss           0x0000000000311429        0x0 int.o
 .bss           0x0000000000311429        0x0 fifo.o
 .bss           0x0000000000311429        0x0 keyboard.o
 .bss           0x0000000000311429        0x0 mouse.o
 .bss           0x0000000000311429        0x0 memory.o
 .bss           0x0000000000311429        0x0 sheet.o
 .bss           0x0000000000311429        0x0 timer.o
 .bss           0x0000000000311429        0x0 mtask.o
 .bss           0x0000000000311429        0x0 myfunction.o
 .bss           0x0000000000311429        0x0 window.o
 .bss           0x0000000000311429        0x0 console.o
 .bss           0x0000000000311429        0x0 file.o

/DISCARD/
 *(.eh_frame)
OUTPUT(bootpack.hrb binary)

.comment        0x0000000000000000      0x132
 .comment       0x0000000000000000       0x12 bootpack.o
 .comment       0x0000000000000012       0x12 graphic.o
 .comment       0x0000000000000024       0x12 dsctbl.o
 .comment       0x0000000000000036       0x12 hankaku.o
 .comment       0x0000000000000048       0x12 mysprintf.o
 .comment       0x000000000000005a       0x12 int.o
 .comment       0x000000000000006c       0x12 fifo.o
 .comment       0x000000000000007e       0x12 keyboard.o
 .comment       0x0000000000000090       0x12 mouse.o
 .comment       0x00000000000000a2       0x12 memory.o
 .comment       0x00000000000000b4       0x12 sheet.o
 .comment       0x00000000000000c6       0x12 timer.o
 .comment       0x00000000000000d8       0x12 mtask.o
 .comment       0x00000000000000ea       0x12 myfunction.o
 .comment       0x00000000000000fc       0x12 window.o
 .comment       0x000000000000010e       0x12 console.o
 .comment       0x0000000000000120       0x12 file.o

.debug_aranges  0x0000000000000000       0x20
 .debug_aranges
                0x0000000000000000       0x20 naskfunc.o

.debug_pubnames
                0x0000000000000000        0x0
 .debug_pubnames
                0x0000000000000000        0x0 naskfunc.o

.debug_info     0x0000000000000000       0x3e
 .debug_info    0x0000000000000000       0x3e naskfunc.o

.debug_abbrev   0x0000000000000000       0x1b
 .debug_abbrev  0x0000000000000000       0x1b naskfunc.o

.debug_line     0x0000000000000000      0x115
 .debug_line    0x0000000000000000      0x115 naskfunc.o

.debug_frame    0x0000000000000000        0x0
 .debug_frame   0x0000000000000000        0x0 naskfunc.o

.debug_loc      0x0000000000000000        0x0
 .debug_loc     0x0000000000000000        0x0 naskfunc.o

.bss            0x0000000000311440     0x2f34 load address 0x0000000000007640
 COMMON         0x0000000000311440       0x2c int.o
                0x0000000000311440                keybuf
 COMMON         0x000000000031146c        0x8 keyboard.o
                0x000000000031146c                keyfifo
                0x0000000000311470                keydata0
 COMMON         0x0000000000311474        0x8 mouse.o
                0x0000000000311474                mousedata0
                0x0000000000311478                mousefifo
 *fill*         0x000000000031147c        0x4 
 COMMON         0x0000000000311480     0x2eec timer.o
                0x0000000000311480                timerctl
 COMMON         0x000000000031436c        0x8 mtask.o
                0x000000000031436c                taskctl
                0x0000000000314370                task_timer
