
Allocating common symbols
Common symbol       size              file

mousedata0          0x4               mouse.o
keyfifo             0x4               keyboard.o
taskctl             0x4               mtask.o
keybuf              0x2c              int.o
timerctl            0x271c            timer.o
mousefifo           0x4               mouse.o
task_timer          0x4               mtask.o
keydata0            0x4               keyboard.o

Discarded input sections

 .eh_frame      0x0000000000000000       0x34 bootpack.o
 .eh_frame      0x0000000000000000      0x120 graphic.o
 .eh_frame      0x0000000000000000       0x78 dsctbl.o
 .eh_frame      0x0000000000000000       0x7c mysprintf.o
 .eh_frame      0x0000000000000000       0x58 int.o
 .eh_frame      0x0000000000000000       0x98 fifo.o
 .eh_frame      0x0000000000000000       0x78 keyboard.o
 .eh_frame      0x0000000000000000       0x78 mouse.o
 .eh_frame      0x0000000000000000      0x104 memory.o
 .eh_frame      0x0000000000000000      0x15c sheet.o
 .eh_frame      0x0000000000000000       0xd8 timer.o
 .eh_frame      0x0000000000000000      0x16c mtask.o
 .eh_frame      0x0000000000000000       0x58 myfunction.o
 .eh_frame      0x0000000000000000       0xb0 window.o
 .eh_frame      0x0000000000000000      0x1c0 console.o
 .eh_frame      0x0000000000000000       0x78 file.o

Memory Configuration

Name             Origin             Length             Attributes
*default*        0x0000000000000000 0xffffffffffffffff

Linker script and memory map

LOAD bootpack.o
LOAD graphic.o
LOAD dsctbl.o
LOAD naskfunc.o
LOAD hankaku.o
LOAD mysprintf.o
LOAD int.o
LOAD fifo.o
LOAD keyboard.o
LOAD mouse.o
LOAD memory.o
LOAD sheet.o
LOAD timer.o
LOAD mtask.o
LOAD myfunction.o
LOAD window.o
LOAD console.o
LOAD file.o

.head           0x0000000000000000       0x24
                0x0000000000000000        0x4 LONG 0x10000
                0x0000000000000004        0x4 LONG 0x69726148
                0x0000000000000008        0x4 LONG 0x0
                0x000000000000000c        0x4 LONG 0x310000
                0x0000000000000010        0x4 LONG 0x13c5 SIZEOF (.data)
                0x0000000000000014        0x4 LONG 0x4afc LOADADDR (.data)
                0x0000000000000018        0x4 LONG 0xe9000000
                0x000000000000001c        0x4 LONG 0x10 (HariMain - 0x20)
                0x0000000000000020        0x4 LONG 0x0

.text           0x0000000000000030     0x4acc
 *(.text)
 .text          0x0000000000000030      0xb2c bootpack.o
                0x0000000000000030                HariMain
 .text          0x0000000000000b5c      0x5ad graphic.o
                0x0000000000000b5c                boxfill8
                0x0000000000000bab                init_palette
                0x0000000000000bc8                set_palette
                0x0000000000000c6e                init_screen
                0x0000000000000e89                putfont8
                0x0000000000000f81                putfonts8_asc
                0x0000000000000fcd                init_mouse_cursor8
                0x000000000000109d                putblock8_8
 .text          0x0000000000001109      0x245 dsctbl.o
                0x0000000000001109                init_gdtidt
                0x0000000000001298                set_segmdesc
                0x000000000000130f                set_gatedesc
 *fill*         0x000000000000134e        0x2 
 .text          0x0000000000001350      0x324 naskfunc.o
                0x0000000000001350                io_hlt
                0x0000000000001352                io_cli
                0x0000000000001354                io_sti
                0x0000000000001356                io_stihlt
                0x0000000000001359                io_in8
                0x0000000000001364                io_in16
                0x0000000000001370                io_in32
                0x0000000000001376                io_out8
                0x0000000000001380                io_out16
                0x000000000000138b                io_out32
                0x0000000000001395                io_load_eflags
                0x0000000000001398                io_store_eflags
                0x000000000000139f                load_gdtr
                0x00000000000013af                load_idtr
                0x00000000000013bf                load_cr0
                0x00000000000013c3                store_cr0
                0x00000000000013cb                load_tr
                0x00000000000013d1                asm_inthandler20
                0x000000000000141e                asm_inthandler21
                0x000000000000146b                asm_inthandler27
                0x00000000000014b8                asm_inthandler2c
                0x0000000000001505                asm_inthandler0d
                0x0000000000001579                memtest_sub
                0x00000000000015bb                farjmp
                0x00000000000015c0                farcall
                0x00000000000015c5                asm_hrb_api
                0x0000000000001631                start_app
 .text          0x0000000000001674        0x0 hankaku.o
 .text          0x0000000000001674      0x1a2 mysprintf.o
                0x0000000000001674                dec2asc
                0x00000000000016ef                hex2asc
                0x000000000000177a                sprintf
 .text          0x0000000000001816       0xf3 int.o
                0x0000000000001816                init_pic
                0x00000000000018f1                inthandler27
 .text          0x0000000000001909      0x178 fifo.o
                0x0000000000001909                fifo32_init
                0x0000000000001950                fifo32_put
                0x00000000000019fd                fifo32_get
                0x0000000000001a6c                fifo32_status
 .text          0x0000000000001a81       0xa6 keyboard.o
                0x0000000000001a81                wait_KBC_sendready
                0x0000000000001aa1                init_keyboard
                0x0000000000001ae2                inthandler21
 .text          0x0000000000001b27      0x1d8 mouse.o
                0x0000000000001b27                enable_mouse
                0x0000000000001b75                mouse_decode
                0x0000000000001ca8                inthandler2c
 .text          0x0000000000001cff      0x4ab memory.o
                0x0000000000001cff                memtest
                0x0000000000001db6                memman_init
                0x0000000000001de3                memman_total
                0x0000000000001e1b                memman_alloc
                0x0000000000001f02                memman_free
                0x000000000000214f                memman_alloc_4k
                0x000000000000217b                memman_free_4k
 .text          0x00000000000021aa      0xa72 sheet.o
                0x00000000000021aa                shtctl_init
                0x000000000000228c                sheet_alloc
                0x0000000000002302                sheet_setbuf
                0x000000000000232b                sheet_updown
                0x00000000000026aa                sheet_refresh
                0x000000000000271e                sheet_slide
                0x000000000000283d                sheet_free
                0x000000000000286a                sheet_refreshsub
                0x0000000000002a51                sheet_refreshmap
 .text          0x0000000000002c1c      0x29e timer.o
                0x0000000000002c1c                init_pit
                0x0000000000002cc3                timer_alloc
                0x0000000000002d2c                timer_free
                0x0000000000002d3c                timer_init
                0x0000000000002d54                timer_settime
                0x0000000000002e0c                inthandler20
 .text          0x0000000000002eba      0x706 mtask.o
                0x0000000000002eba                task_init
                0x00000000000030fe                task_alloc
                0x000000000000321f                task_run
                0x0000000000003295                task_switch
                0x0000000000003389                task_sleep
                0x00000000000033dc                task_now
                0x0000000000003422                task_add
                0x0000000000003481                task_remove
                0x0000000000003552                task_switchsub
                0x00000000000035b3                task_idle
 .text          0x00000000000035c0       0xa4 myfunction.o
                0x00000000000035c0                strcmp
                0x0000000000003605                strncmp
 .text          0x0000000000003664      0x517 window.o
                0x0000000000003664                make_window8
                0x00000000000037ee                make_wtitle8
                0x00000000000038dd                putfonts8_asc_sht
                0x000000000000397c                make_textbox8
 .text          0x0000000000003b7b      0xcd6 console.o
                0x0000000000003b7b                console_task
                0x0000000000003f21                cons_putchar
                0x0000000000004026                cons_newline
                0x0000000000004129                cons_runcmd
                0x0000000000004214                cmd_mem
                0x0000000000004262                cmd_cls
                0x00000000000042de                cmd_dir
                0x0000000000004409                cmd_type
                0x00000000000044f7                cmd_app
                0x000000000000473b                cons_putstr0
                0x000000000000476b                cons_putstr1
                0x00000000000047ab                hrb_api
                0x0000000000004827                inthandler0d
 .text          0x0000000000004851      0x2ab file.o
                0x0000000000004851                file_readfat
                0x00000000000048fb                file_loadfile
                0x000000000000499f                file_search

.data           0x0000000000310000     0x13c5 load address 0x0000000000004afc
 *(.data)
 .data          0x0000000000310000      0x100 bootpack.o
 .data          0x0000000000310100      0x140 graphic.o
 .data          0x0000000000310240        0x0 dsctbl.o
 .data          0x0000000000310240     0x1000 hankaku.o
                0x0000000000310240                hankaku
 .data          0x0000000000311240        0x0 mysprintf.o
 .data          0x0000000000311240        0x0 int.o
 .data          0x0000000000311240        0x0 fifo.o
 .data          0x0000000000311240        0x0 keyboard.o
 .data          0x0000000000311240        0x0 mouse.o
 .data          0x0000000000311240        0x0 memory.o
 .data          0x0000000000311240        0x0 sheet.o
 .data          0x0000000000311240        0x0 timer.o
 .data          0x0000000000311240        0x0 mtask.o
 .data          0x0000000000311240        0x0 myfunction.o
 .data          0x0000000000311240       0xe0 window.o
 .data          0x0000000000311320        0x0 console.o
 .data          0x0000000000311320        0x0 file.o
 *(.rodata*)
 .rodata        0x0000000000311320       0x11 bootpack.o
 *fill*         0x0000000000311331        0x3 
 .rodata        0x0000000000311334       0x91 console.o
 *(.bss)
 .bss           0x00000000003113c5        0x0 bootpack.o
 .bss           0x00000000003113c5        0x0 graphic.o
 .bss           0x00000000003113c5        0x0 dsctbl.o
 .bss           0x00000000003113c5        0x0 hankaku.o
 .bss           0x00000000003113c5        0x0 mysprintf.o
 .bss           0x00000000003113c5        0x0 int.o
 .bss           0x00000000003113c5        0x0 fifo.o
 .bss           0x00000000003113c5        0x0 keyboard.o
 .bss           0x00000000003113c5        0x0 mouse.o
 .bss           0x00000000003113c5        0x0 memory.o
 .bss           0x00000000003113c5        0x0 sheet.o
 .bss           0x00000000003113c5        0x0 timer.o
 .bss           0x00000000003113c5        0x0 mtask.o
 .bss           0x00000000003113c5        0x0 myfunction.o
 .bss           0x00000000003113c5        0x0 window.o
 .bss           0x00000000003113c5        0x0 console.o
 .bss           0x00000000003113c5        0x0 file.o

/DISCARD/
 *(.eh_frame)
OUTPUT(bootpack.hrb binary)

.comment        0x0000000000000000      0x132
 .comment       0x0000000000000000       0x12 bootpack.o
 .comment       0x0000000000000012       0x12 graphic.o
 .comment       0x0000000000000024       0x12 dsctbl.o
 .comment       0x0000000000000036       0x12 hankaku.o
 .comment       0x0000000000000048       0x12 mysprintf.o
 .comment       0x000000000000005a       0x12 int.o
 .comment       0x000000000000006c       0x12 fifo.o
 .comment       0x000000000000007e       0x12 keyboard.o
 .comment       0x0000000000000090       0x12 mouse.o
 .comment       0x00000000000000a2       0x12 memory.o
 .comment       0x00000000000000b4       0x12 sheet.o
 .comment       0x00000000000000c6       0x12 timer.o
 .comment       0x00000000000000d8       0x12 mtask.o
 .comment       0x00000000000000ea       0x12 myfunction.o
 .comment       0x00000000000000fc       0x12 window.o
 .comment       0x000000000000010e       0x12 console.o
 .comment       0x0000000000000120       0x12 file.o

.debug_aranges  0x0000000000000000       0x20
 .debug_aranges
                0x0000000000000000       0x20 naskfunc.o

.debug_pubnames
                0x0000000000000000        0x0
 .debug_pubnames
                0x0000000000000000        0x0 naskfunc.o

.debug_info     0x0000000000000000       0x3e
 .debug_info    0x0000000000000000       0x3e naskfunc.o

.debug_abbrev   0x0000000000000000       0x1b
 .debug_abbrev  0x0000000000000000       0x1b naskfunc.o

.debug_line     0x0000000000000000      0x19b
 .debug_line    0x0000000000000000      0x19b naskfunc.o

.debug_frame    0x0000000000000000        0x0
 .debug_frame   0x0000000000000000        0x0 naskfunc.o

.debug_loc      0x0000000000000000        0x0
 .debug_loc     0x0000000000000000        0x0 naskfunc.o

.bss            0x00000000003113e0     0x2764 load address 0x0000000000005ee0
 COMMON         0x00000000003113e0       0x2c int.o
                0x00000000003113e0                keybuf
 COMMON         0x000000000031140c        0x8 keyboard.o
                0x000000000031140c                keyfifo
                0x0000000000311410                keydata0
 COMMON         0x0000000000311414        0x8 mouse.o
                0x0000000000311414                mousedata0
                0x0000000000311418                mousefifo
 *fill*         0x000000000031141c        0x4 
 COMMON         0x0000000000311420     0x271c timer.o
                0x0000000000311420                timerctl
 COMMON         0x0000000000313b3c        0x8 mtask.o
                0x0000000000313b3c                taskctl
                0x0000000000313b40                task_timer
