
Allocating common symbols
Common symbol       size              file

mousedata0          0x4               mouse.o
keyfifo             0x4               keyboard.o
taskctl             0x4               mtask.o
keybuf              0x2c              int.o
timerctl            0x271c            timer.o
mousefifo           0x4               mouse.o
task_timer          0x4               mtask.o
keydata0            0x4               keyboard.o

Discarded input sections

 .eh_frame      0x0000000000000000       0x34 bootpack.o
 .eh_frame      0x0000000000000000      0x120 graphic.o
 .eh_frame      0x0000000000000000       0x78 dsctbl.o
 .eh_frame      0x0000000000000000       0x7c mysprintf.o
 .eh_frame      0x0000000000000000       0x58 int.o
 .eh_frame      0x0000000000000000       0x98 fifo.o
 .eh_frame      0x0000000000000000       0x78 keyboard.o
 .eh_frame      0x0000000000000000       0x78 mouse.o
 .eh_frame      0x0000000000000000      0x104 memory.o
 .eh_frame      0x0000000000000000      0x15c sheet.o
 .eh_frame      0x0000000000000000       0xd8 timer.o
 .eh_frame      0x0000000000000000      0x16c mtask.o
 .eh_frame      0x0000000000000000       0x58 myfunction.o
 .eh_frame      0x0000000000000000       0xb0 window.o
 .eh_frame      0x0000000000000000      0x140 console.o
 .eh_frame      0x0000000000000000       0x78 file.o

Memory Configuration

Name             Origin             Length             Attributes
*default*        0x0000000000000000 0xffffffffffffffff

Linker script and memory map

LOAD bootpack.o
LOAD graphic.o
LOAD dsctbl.o
LOAD naskfunc.o
LOAD hankaku.o
LOAD mysprintf.o
LOAD int.o
LOAD fifo.o
LOAD keyboard.o
LOAD mouse.o
LOAD memory.o
LOAD sheet.o
LOAD timer.o
LOAD mtask.o
LOAD myfunction.o
LOAD window.o
LOAD console.o
LOAD file.o

.head           0x0000000000000000       0x24
                0x0000000000000000        0x4 LONG 0x10000
                0x0000000000000004        0x4 LONG 0x69726148
                0x0000000000000008        0x4 LONG 0x0
                0x000000000000000c        0x4 LONG 0x310000
                0x0000000000000010        0x4 LONG 0x1398 SIZEOF (.data)
                0x0000000000000014        0x4 LONG 0x47ba LOADADDR (.data)
                0x0000000000000018        0x4 LONG 0xe9000000
                0x000000000000001c        0x4 LONG 0x10 (HariMain - 0x20)
                0x0000000000000020        0x4 LONG 0x0

.text           0x0000000000000030     0x478a
 *(.text)
 .text          0x0000000000000030      0xb2c bootpack.o
                0x0000000000000030                HariMain
 .text          0x0000000000000b5c      0x5ad graphic.o
                0x0000000000000b5c                boxfill8
                0x0000000000000bab                init_palette
                0x0000000000000bc8                set_palette
                0x0000000000000c6e                init_screen
                0x0000000000000e89                putfont8
                0x0000000000000f81                putfonts8_asc
                0x0000000000000fcd                init_mouse_cursor8
                0x000000000000109d                putblock8_8
 .text          0x0000000000001109      0x229 dsctbl.o
                0x0000000000001109                init_gdtidt
                0x000000000000127c                set_segmdesc
                0x00000000000012f3                set_gatedesc
 *fill*         0x0000000000001332        0xe 
 .text          0x0000000000001340      0x141 naskfunc.o
                0x0000000000001340                io_hlt
                0x0000000000001342                io_cli
                0x0000000000001344                io_sti
                0x0000000000001346                io_stihlt
                0x0000000000001349                io_in8
                0x0000000000001354                io_in16
                0x0000000000001360                io_in32
                0x0000000000001366                io_out8
                0x0000000000001370                io_out16
                0x000000000000137b                io_out32
                0x0000000000001385                io_load_eflags
                0x0000000000001388                io_store_eflags
                0x000000000000138f                load_gdtr
                0x000000000000139f                load_idtr
                0x00000000000013af                asm_inthandler20
                0x00000000000013c6                asm_inthandler21
                0x00000000000013dd                asm_inthandler27
                0x00000000000013f4                asm_inthandler2c
                0x000000000000140b                load_cr0
                0x000000000000140f                store_cr0
                0x0000000000001417                memtest_sub
                0x0000000000001459                load_tr
                0x000000000000145f                farjmp
                0x0000000000001464                farcall
                0x0000000000001469                asm_cons_putchar
 .text          0x0000000000001481        0x0 hankaku.o
 .text          0x0000000000001481      0x1a2 mysprintf.o
                0x0000000000001481                dec2asc
                0x00000000000014fc                hex2asc
                0x0000000000001587                sprintf
 .text          0x0000000000001623       0xf3 int.o
                0x0000000000001623                init_pic
                0x00000000000016fe                inthandler27
 .text          0x0000000000001716      0x178 fifo.o
                0x0000000000001716                fifo32_init
                0x000000000000175d                fifo32_put
                0x000000000000180a                fifo32_get
                0x0000000000001879                fifo32_status
 .text          0x000000000000188e       0xa6 keyboard.o
                0x000000000000188e                wait_KBC_sendready
                0x00000000000018ae                init_keyboard
                0x00000000000018ef                inthandler21
 .text          0x0000000000001934      0x1d8 mouse.o
                0x0000000000001934                enable_mouse
                0x0000000000001982                mouse_decode
                0x0000000000001ab5                inthandler2c
 .text          0x0000000000001b0c      0x4ab memory.o
                0x0000000000001b0c                memtest
                0x0000000000001bc3                memman_init
                0x0000000000001bf0                memman_total
                0x0000000000001c28                memman_alloc
                0x0000000000001d0f                memman_free
                0x0000000000001f5c                memman_alloc_4k
                0x0000000000001f88                memman_free_4k
 .text          0x0000000000001fb7      0xa72 sheet.o
                0x0000000000001fb7                shtctl_init
                0x0000000000002099                sheet_alloc
                0x000000000000210f                sheet_setbuf
                0x0000000000002138                sheet_updown
                0x00000000000024b7                sheet_refresh
                0x000000000000252b                sheet_slide
                0x000000000000264a                sheet_free
                0x0000000000002677                sheet_refreshsub
                0x000000000000285e                sheet_refreshmap
 .text          0x0000000000002a29      0x29e timer.o
                0x0000000000002a29                init_pit
                0x0000000000002ad0                timer_alloc
                0x0000000000002b39                timer_free
                0x0000000000002b49                timer_init
                0x0000000000002b61                timer_settime
                0x0000000000002c19                inthandler20
 .text          0x0000000000002cc7      0x706 mtask.o
                0x0000000000002cc7                task_init
                0x0000000000002f0b                task_alloc
                0x000000000000302c                task_run
                0x00000000000030a2                task_switch
                0x0000000000003196                task_sleep
                0x00000000000031e9                task_now
                0x000000000000322f                task_add
                0x000000000000328e                task_remove
                0x000000000000335f                task_switchsub
                0x00000000000033c0                task_idle
 .text          0x00000000000033cd       0xa4 myfunction.o
                0x00000000000033cd                strcmp
                0x0000000000003412                strncmp
 .text          0x0000000000003471      0x517 window.o
                0x0000000000003471                make_window8
                0x00000000000035fb                make_wtitle8
                0x00000000000036ea                putfonts8_asc_sht
                0x0000000000003789                make_textbox8
 .text          0x0000000000003988      0xb87 console.o
                0x0000000000003988                console_task
                0x0000000000003d2e                cons_putchar
                0x0000000000003e33                cons_newline
                0x0000000000003f36                cons_runcmd
                0x0000000000004064                cmd_mem
                0x0000000000004127                cmd_cls
                0x00000000000041a3                cmd_dir
                0x00000000000042ee                cmd_type
                0x00000000000043fc                cmd_hlt
 .text          0x000000000000450f      0x2ab file.o
                0x000000000000450f                file_readfat
                0x00000000000045b9                file_loadfile
                0x000000000000465d                file_search

.data           0x0000000000310000     0x1398 load address 0x00000000000047ba
 *(.data)
 .data          0x0000000000310000      0x100 bootpack.o
 .data          0x0000000000310100      0x140 graphic.o
 .data          0x0000000000310240        0x0 dsctbl.o
 .data          0x0000000000310240     0x1000 hankaku.o
                0x0000000000310240                hankaku
 .data          0x0000000000311240        0x0 mysprintf.o
 .data          0x0000000000311240        0x0 int.o
 .data          0x0000000000311240        0x0 fifo.o
 .data          0x0000000000311240        0x0 keyboard.o
 .data          0x0000000000311240        0x0 mouse.o
 .data          0x0000000000311240        0x0 memory.o
 .data          0x0000000000311240        0x0 sheet.o
 .data          0x0000000000311240        0x0 timer.o
 .data          0x0000000000311240        0x0 mtask.o
 .data          0x0000000000311240        0x0 myfunction.o
 .data          0x0000000000311240       0xe0 window.o
 .data          0x0000000000311320        0x0 console.o
 .data          0x0000000000311320        0x0 file.o
 *(.rodata*)
 .rodata        0x0000000000311320       0x11 bootpack.o
 .rodata        0x0000000000311331       0x67 console.o
 *(.bss)
 .bss           0x0000000000311398        0x0 bootpack.o
 .bss           0x0000000000311398        0x0 graphic.o
 .bss           0x0000000000311398        0x0 dsctbl.o
 .bss           0x0000000000311398        0x0 hankaku.o
 .bss           0x0000000000311398        0x0 mysprintf.o
 .bss           0x0000000000311398        0x0 int.o
 .bss           0x0000000000311398        0x0 fifo.o
 .bss           0x0000000000311398        0x0 keyboard.o
 .bss           0x0000000000311398        0x0 mouse.o
 .bss           0x0000000000311398        0x0 memory.o
 .bss           0x0000000000311398        0x0 sheet.o
 .bss           0x0000000000311398        0x0 timer.o
 .bss           0x0000000000311398        0x0 mtask.o
 .bss           0x0000000000311398        0x0 myfunction.o
 .bss           0x0000000000311398        0x0 window.o
 .bss           0x0000000000311398        0x0 console.o
 .bss           0x0000000000311398        0x0 file.o

/DISCARD/
 *(.eh_frame)
OUTPUT(bootpack.hrb binary)

.comment        0x0000000000000000      0x132
 .comment       0x0000000000000000       0x12 bootpack.o
 .comment       0x0000000000000012       0x12 graphic.o
 .comment       0x0000000000000024       0x12 dsctbl.o
 .comment       0x0000000000000036       0x12 hankaku.o
 .comment       0x0000000000000048       0x12 mysprintf.o
 .comment       0x000000000000005a       0x12 int.o
 .comment       0x000000000000006c       0x12 fifo.o
 .comment       0x000000000000007e       0x12 keyboard.o
 .comment       0x0000000000000090       0x12 mouse.o
 .comment       0x00000000000000a2       0x12 memory.o
 .comment       0x00000000000000b4       0x12 sheet.o
 .comment       0x00000000000000c6       0x12 timer.o
 .comment       0x00000000000000d8       0x12 mtask.o
 .comment       0x00000000000000ea       0x12 myfunction.o
 .comment       0x00000000000000fc       0x12 window.o
 .comment       0x000000000000010e       0x12 console.o
 .comment       0x0000000000000120       0x12 file.o

.debug_aranges  0x0000000000000000       0x20
 .debug_aranges
                0x0000000000000000       0x20 naskfunc.o

.debug_pubnames
                0x0000000000000000        0x0
 .debug_pubnames
                0x0000000000000000        0x0 naskfunc.o

.debug_info     0x0000000000000000       0x3e
 .debug_info    0x0000000000000000       0x3e naskfunc.o

.debug_abbrev   0x0000000000000000       0x1b
 .debug_abbrev  0x0000000000000000       0x1b naskfunc.o

.debug_line     0x0000000000000000       0xd2
 .debug_line    0x0000000000000000       0xd2 naskfunc.o

.debug_frame    0x0000000000000000        0x0
 .debug_frame   0x0000000000000000        0x0 naskfunc.o

.debug_loc      0x0000000000000000        0x0
 .debug_loc     0x0000000000000000        0x0 naskfunc.o

.bss            0x00000000003113a0     0x2764 load address 0x0000000000005b60
 COMMON         0x00000000003113a0       0x2c int.o
                0x00000000003113a0                keybuf
 COMMON         0x00000000003113cc        0x8 keyboard.o
                0x00000000003113cc                keyfifo
                0x00000000003113d0                keydata0
 COMMON         0x00000000003113d4        0x8 mouse.o
                0x00000000003113d4                mousedata0
                0x00000000003113d8                mousefifo
 *fill*         0x00000000003113dc        0x4 
 COMMON         0x00000000003113e0     0x271c timer.o
                0x00000000003113e0                timerctl
 COMMON         0x0000000000313afc        0x8 mtask.o
                0x0000000000313afc                taskctl
                0x0000000000313b00                task_timer
