
Allocating common symbols
Common symbol       size              file

mousedata0          0x4               mouse.o
keyfifo             0x4               keyboard.o
taskctl             0x4               mtask.o
keybuf              0x2c              int.o
timerctl            0x2eec            timer.o
mousefifo           0x4               mouse.o
task_timer          0x4               mtask.o
keydata0            0x4               keyboard.o

Discarded input sections

 .eh_frame      0x0000000000000000       0xf4 bootpack.o
 .eh_frame      0x0000000000000000      0x124 graphic.o
 .eh_frame      0x0000000000000000       0x78 dsctbl.o
 .eh_frame      0x0000000000000000       0x7c mysprintf.o
 .eh_frame      0x0000000000000000       0x58 int.o
 .eh_frame      0x0000000000000000       0x98 fifo.o
 .eh_frame      0x0000000000000000       0x78 keyboard.o
 .eh_frame      0x0000000000000000       0x78 mouse.o
 .eh_frame      0x0000000000000000      0x104 memory.o
 .eh_frame      0x0000000000000000      0x15c sheet.o
 .eh_frame      0x0000000000000000      0x118 timer.o
 .eh_frame      0x0000000000000000      0x16c mtask.o
 .eh_frame      0x0000000000000000       0x58 myfunction.o
 .eh_frame      0x0000000000000000       0xd0 window.o
 .eh_frame      0x0000000000000000      0x260 console.o
 .eh_frame      0x0000000000000000       0x78 file.o

Memory Configuration

Name             Origin             Length             Attributes
*default*        0x0000000000000000 0xffffffffffffffff

Linker script and memory map

LOAD bootpack.o
LOAD graphic.o
LOAD dsctbl.o
LOAD naskfunc.o
LOAD hankaku.o
LOAD mysprintf.o
LOAD int.o
LOAD fifo.o
LOAD keyboard.o
LOAD mouse.o
LOAD memory.o
LOAD sheet.o
LOAD timer.o
LOAD mtask.o
LOAD myfunction.o
LOAD window.o
LOAD console.o
LOAD file.o

.head           0x0000000000000000       0x24
                0x0000000000000000        0x4 LONG 0x10000
                0x0000000000000004        0x4 LONG 0x69726148
                0x0000000000000008        0x4 LONG 0x0
                0x000000000000000c        0x4 LONG 0x310000
                0x0000000000000010        0x4 LONG 0x1429 SIZEOF (.data)
                0x0000000000000014        0x4 LONG 0x638a LOADADDR (.data)
                0x0000000000000018        0x4 LONG 0xe9000000
                0x000000000000001c        0x4 LONG 0x10 (HariMain - 0x20)
                0x0000000000000020        0x4 LONG 0x0

.text           0x0000000000000030     0x635a
 *(.text)
 .text          0x0000000000000030      0xfa3 bootpack.o
                0x0000000000000030                HariMain
                0x0000000000000cf0                keywin_off
                0x0000000000000d2e                keywin_on
                0x0000000000000d6c                open_constask
                0x0000000000000e6b                open_console
                0x0000000000000f26                close_constask
                0x0000000000000f85                close_console
 .text          0x0000000000000fd3      0x6f7 graphic.o
                0x0000000000000fd3                boxfill8
                0x0000000000001022                init_palette
                0x0000000000001189                set_palette
                0x000000000000122f                init_screen
                0x000000000000144a                putfont8
                0x0000000000001542                putfonts8_asc
                0x000000000000158e                init_mouse_cursor8
                0x000000000000165e                putblock8_8
 .text          0x00000000000016ca      0x261 dsctbl.o
                0x00000000000016ca                init_gdtidt
                0x0000000000001875                set_segmdesc
                0x00000000000018ec                set_gatedesc
 *fill*         0x000000000000192b        0x5 
 .text          0x0000000000001930      0x1c3 naskfunc.o
                0x0000000000001930                io_hlt
                0x0000000000001932                io_cli
                0x0000000000001934                io_sti
                0x0000000000001936                io_stihlt
                0x0000000000001939                io_in8
                0x0000000000001944                io_in16
                0x0000000000001950                io_in32
                0x0000000000001956                io_out8
                0x0000000000001960                io_out16
                0x000000000000196b                io_out32
                0x0000000000001975                io_load_eflags
                0x0000000000001978                io_store_eflags
                0x000000000000197f                load_gdtr
                0x000000000000198f                load_idtr
                0x000000000000199f                load_cr0
                0x00000000000019a3                store_cr0
                0x00000000000019ab                load_tr
                0x00000000000019b1                asm_inthandler20
                0x00000000000019c8                asm_inthandler21
                0x00000000000019df                asm_inthandler27
                0x00000000000019f6                asm_inthandler2c
                0x0000000000001a0d                asm_inthandler0c
                0x0000000000001a31                asm_inthandler0d
                0x0000000000001a51                memtest_sub
                0x0000000000001a93                farjmp
                0x0000000000001a98                farcall
                0x0000000000001a9d                asm_hrb_api
                0x0000000000001aba                asm_end_app
                0x0000000000001ac5                start_app
 .text          0x0000000000001af3        0x0 hankaku.o
 .text          0x0000000000001af3      0x1a2 mysprintf.o
                0x0000000000001af3                dec2asc
                0x0000000000001b6e                hex2asc
                0x0000000000001bf9                sprintf
 .text          0x0000000000001c95       0xf3 int.o
                0x0000000000001c95                init_pic
                0x0000000000001d70                inthandler27
 .text          0x0000000000001d88      0x178 fifo.o
                0x0000000000001d88                fifo32_init
                0x0000000000001dcf                fifo32_put
                0x0000000000001e7c                fifo32_get
                0x0000000000001eeb                fifo32_status
 .text          0x0000000000001f00       0xa6 keyboard.o
                0x0000000000001f00                wait_KBC_sendready
                0x0000000000001f20                init_keyboard
                0x0000000000001f61                inthandler21
 .text          0x0000000000001fa6      0x1d8 mouse.o
                0x0000000000001fa6                enable_mouse
                0x0000000000001ff4                mouse_decode
                0x0000000000002127                inthandler2c
 .text          0x000000000000217e      0x4ab memory.o
                0x000000000000217e                memtest
                0x0000000000002235                memman_init
                0x0000000000002262                memman_total
                0x000000000000229a                memman_alloc
                0x0000000000002381                memman_free
                0x00000000000025ce                memman_alloc_4k
                0x00000000000025fa                memman_free_4k
 .text          0x0000000000002629     0x101b sheet.o
                0x0000000000002629                shtctl_init
                0x000000000000270b                sheet_alloc
                0x000000000000278b                sheet_setbuf
                0x00000000000027b4                sheet_updown
                0x0000000000002b33                sheet_refresh
                0x0000000000002ba7                sheet_slide
                0x0000000000002cc6                sheet_free
                0x0000000000002cf3                sheet_refreshsub
                0x000000000000332a                sheet_refreshmap
 .text          0x0000000000003644      0x3d3 timer.o
                0x0000000000003644                init_pit
                0x00000000000036ea                timer_alloc
                0x0000000000003767                timer_free
                0x0000000000003777                timer_init
                0x000000000000378f                timer_settime
                0x000000000000383e                inthandler20
                0x00000000000038ec                timer_cancel
                0x000000000000398c                timer_cancelall
 .text          0x0000000000003a17      0x775 mtask.o
                0x0000000000003a17                task_init
                0x0000000000003ccf                task_alloc
                0x0000000000003deb                task_run
                0x0000000000003e61                task_switch
                0x0000000000003f55                task_sleep
                0x0000000000003fa8                task_now
                0x0000000000003fee                task_add
                0x000000000000404d                task_remove
                0x000000000000411e                task_switchsub
                0x000000000000417f                task_idle
 .text          0x000000000000418c       0xa4 myfunction.o
                0x000000000000418c                strcmp
                0x00000000000041d1                strncmp
 .text          0x0000000000004230      0x5fc window.o
                0x0000000000004230                make_window8
                0x00000000000043ba                make_wtitle8
                0x00000000000044a9                putfonts8_asc_sht
                0x0000000000004548                make_textbox8
                0x0000000000004747                change_wtitle8
 .text          0x000000000000482c     0x18b3 console.o
                0x000000000000482c                console_task
                0x0000000000004b89                cons_putchar
                0x0000000000004ca4                cons_newline
                0x0000000000004db1                cons_runcmd
                0x0000000000004f53                cmd_mem
                0x0000000000004fa1                cmd_cls
                0x000000000000501d                cmd_dir
                0x0000000000005148                cmd_type
                0x0000000000005236                cmd_exit
                0x000000000000534e                cmd_start
                0x0000000000005405                cmd_ncst
                0x0000000000005487                cmd_app
                0x00000000000057a2                cons_putstr0
                0x00000000000057d2                cons_putstr1
                0x0000000000005812                hrb_api
                0x0000000000005ef3                inthandler0c
                0x0000000000005f57                inthandler0d
                0x0000000000005fbb                hrb_api_linewin
 .text          0x00000000000060df      0x2ab file.o
                0x00000000000060df                file_readfat
                0x0000000000006189                file_loadfile
                0x000000000000622d                file_search

.data           0x0000000000310000     0x1429 load address 0x000000000000638a
 *(.data)
 .data          0x0000000000310000      0x100 bootpack.o
 .data          0x0000000000310100      0x140 graphic.o
 .data          0x0000000000310240        0x0 dsctbl.o
 .data          0x0000000000310240     0x1000 hankaku.o
                0x0000000000310240                hankaku
 .data          0x0000000000311240        0x0 mysprintf.o
 .data          0x0000000000311240        0x0 int.o
 .data          0x0000000000311240        0x0 fifo.o
 .data          0x0000000000311240        0x0 keyboard.o
 .data          0x0000000000311240        0x0 mouse.o
 .data          0x0000000000311240        0x0 memory.o
 .data          0x0000000000311240        0x0 sheet.o
 .data          0x0000000000311240        0x0 timer.o
 .data          0x0000000000311240        0x0 mtask.o
 .data          0x0000000000311240        0x0 myfunction.o
 .data          0x0000000000311240       0xe0 window.o
 .data          0x0000000000311320        0x0 console.o
 .data          0x0000000000311320        0x0 file.o
 *(.rodata*)
 .rodata        0x0000000000311320       0x28 bootpack.o
 .rodata        0x0000000000311348       0xe1 console.o
 *(.bss)
 .bss           0x0000000000311429        0x0 bootpack.o
 .bss           0x0000000000311429        0x0 graphic.o
 .bss           0x0000000000311429        0x0 dsctbl.o
 .bss           0x0000000000311429        0x0 hankaku.o
 .bss           0x0000000000311429        0x0 mysprintf.o
 .bss           0x0000000000311429        0x0 int.o
 .bss           0x0000000000311429        0x0 fifo.o
 .bss           0x0000000000311429        0x0 keyboard.o
 .bss           0x0000000000311429        0x0 mouse.o
 .bss           0x0000000000311429        0x0 memory.o
 .bss           0x0000000000311429        0x0 sheet.o
 .bss           0x0000000000311429        0x0 timer.o
 .bss           0x0000000000311429        0x0 mtask.o
 .bss           0x0000000000311429        0x0 myfunction.o
 .bss           0x0000000000311429        0x0 window.o
 .bss           0x0000000000311429        0x0 console.o
 .bss           0x0000000000311429        0x0 file.o

/DISCARD/
 *(.eh_frame)
OUTPUT(bootpack.hrb binary)

.comment        0x0000000000000000      0x132
 .comment       0x0000000000000000       0x12 bootpack.o
 .comment       0x0000000000000012       0x12 graphic.o
 .comment       0x0000000000000024       0x12 dsctbl.o
 .comment       0x0000000000000036       0x12 hankaku.o
 .comment       0x0000000000000048       0x12 mysprintf.o
 .comment       0x000000000000005a       0x12 int.o
 .comment       0x000000000000006c       0x12 fifo.o
 .comment       0x000000000000007e       0x12 keyboard.o
 .comment       0x0000000000000090       0x12 mouse.o
 .comment       0x00000000000000a2       0x12 memory.o
 .comment       0x00000000000000b4       0x12 sheet.o
 .comment       0x00000000000000c6       0x12 timer.o
 .comment       0x00000000000000d8       0x12 mtask.o
 .comment       0x00000000000000ea       0x12 myfunction.o
 .comment       0x00000000000000fc       0x12 window.o
 .comment       0x000000000000010e       0x12 console.o
 .comment       0x0000000000000120       0x12 file.o

.debug_aranges  0x0000000000000000       0x20
 .debug_aranges
                0x0000000000000000       0x20 naskfunc.o

.debug_pubnames
                0x0000000000000000        0x0
 .debug_pubnames
                0x0000000000000000        0x0 naskfunc.o

.debug_info     0x0000000000000000       0x3e
 .debug_info    0x0000000000000000       0x3e naskfunc.o

.debug_abbrev   0x0000000000000000       0x1b
 .debug_abbrev  0x0000000000000000       0x1b naskfunc.o

.debug_line     0x0000000000000000      0x115
 .debug_line    0x0000000000000000      0x115 naskfunc.o

.debug_frame    0x0000000000000000        0x0
 .debug_frame   0x0000000000000000        0x0 naskfunc.o

.debug_loc      0x0000000000000000        0x0
 .debug_loc     0x0000000000000000        0x0 naskfunc.o

.bss            0x0000000000311440     0x2f34 load address 0x00000000000077e0
 COMMON         0x0000000000311440       0x2c int.o
                0x0000000000311440                keybuf
 COMMON         0x000000000031146c        0x8 keyboard.o
                0x000000000031146c                keyfifo
                0x0000000000311470                keydata0
 COMMON         0x0000000000311474        0x8 mouse.o
                0x0000000000311474                mousedata0
                0x0000000000311478                mousefifo
 *fill*         0x000000000031147c        0x4 
 COMMON         0x0000000000311480     0x2eec timer.o
                0x0000000000311480                timerctl
 COMMON         0x000000000031436c        0x8 mtask.o
                0x000000000031436c                taskctl
                0x0000000000314370                task_timer
