
Allocating common symbols
Common symbol       size              file

mousedata0          0x4               mouse.o
keyfifo             0x4               keyboard.o
taskctl             0x4               mtask.o
keybuf              0x2c              int.o
timerctl            0x271c            timer.o
mousefifo           0x4               mouse.o
task_timer          0x4               mtask.o
keydata0            0x4               keyboard.o

Discarded input sections

 .eh_frame      0x0000000000000000       0x34 bootpack.o
 .eh_frame      0x0000000000000000      0x120 graphic.o
 .eh_frame      0x0000000000000000       0x78 dsctbl.o
 .eh_frame      0x0000000000000000       0x7c mysprintf.o
 .eh_frame      0x0000000000000000       0x58 int.o
 .eh_frame      0x0000000000000000       0x98 fifo.o
 .eh_frame      0x0000000000000000       0x78 keyboard.o
 .eh_frame      0x0000000000000000       0x78 mouse.o
 .eh_frame      0x0000000000000000      0x104 memory.o
 .eh_frame      0x0000000000000000      0x15c sheet.o
 .eh_frame      0x0000000000000000       0xd8 timer.o
 .eh_frame      0x0000000000000000      0x16c mtask.o
 .eh_frame      0x0000000000000000       0x58 myfunction.o
 .eh_frame      0x0000000000000000       0xb0 window.o
 .eh_frame      0x0000000000000000      0x204 console.o
 .eh_frame      0x0000000000000000       0x78 file.o

Memory Configuration

Name             Origin             Length             Attributes
*default*        0x0000000000000000 0xffffffffffffffff

Linker script and memory map

LOAD bootpack.o
LOAD graphic.o
LOAD dsctbl.o
LOAD naskfunc.o
LOAD hankaku.o
LOAD mysprintf.o
LOAD int.o
LOAD fifo.o
LOAD keyboard.o
LOAD mouse.o
LOAD memory.o
LOAD sheet.o
LOAD timer.o
LOAD mtask.o
LOAD myfunction.o
LOAD window.o
LOAD console.o
LOAD file.o

.head           0x0000000000000000       0x24
                0x0000000000000000        0x4 LONG 0x10000
                0x0000000000000004        0x4 LONG 0x69726148
                0x0000000000000008        0x4 LONG 0x0
                0x000000000000000c        0x4 LONG 0x310000
                0x0000000000000010        0x4 LONG 0x1411 SIZEOF (.data)
                0x0000000000000014        0x4 LONG 0x5218 LOADADDR (.data)
                0x0000000000000018        0x4 LONG 0xe9000000
                0x000000000000001c        0x4 LONG 0x10 (HariMain - 0x20)
                0x0000000000000020        0x4 LONG 0x0

.text           0x0000000000000030     0x51e8
 *(.text)
 .text          0x0000000000000030      0xc6c bootpack.o
                0x0000000000000030                HariMain
 .text          0x0000000000000c9c      0x5ad graphic.o
                0x0000000000000c9c                boxfill8
                0x0000000000000ceb                init_palette
                0x0000000000000d08                set_palette
                0x0000000000000dae                init_screen
                0x0000000000000fc9                putfont8
                0x00000000000010c1                putfonts8_asc
                0x000000000000110d                init_mouse_cursor8
                0x00000000000011dd                putblock8_8
 .text          0x0000000000001249      0x261 dsctbl.o
                0x0000000000001249                init_gdtidt
                0x00000000000013f4                set_segmdesc
                0x000000000000146b                set_gatedesc
 *fill*         0x00000000000014aa        0x6 
 .text          0x00000000000014b0      0x1c3 naskfunc.o
                0x00000000000014b0                io_hlt
                0x00000000000014b2                io_cli
                0x00000000000014b4                io_sti
                0x00000000000014b6                io_stihlt
                0x00000000000014b9                io_in8
                0x00000000000014c4                io_in16
                0x00000000000014d0                io_in32
                0x00000000000014d6                io_out8
                0x00000000000014e0                io_out16
                0x00000000000014eb                io_out32
                0x00000000000014f5                io_load_eflags
                0x00000000000014f8                io_store_eflags
                0x00000000000014ff                load_gdtr
                0x000000000000150f                load_idtr
                0x000000000000151f                load_cr0
                0x0000000000001523                store_cr0
                0x000000000000152b                load_tr
                0x0000000000001531                asm_inthandler20
                0x0000000000001548                asm_inthandler21
                0x000000000000155f                asm_inthandler27
                0x0000000000001576                asm_inthandler2c
                0x000000000000158d                asm_inthandler0c
                0x00000000000015b1                asm_inthandler0d
                0x00000000000015d1                memtest_sub
                0x0000000000001613                farjmp
                0x0000000000001618                farcall
                0x000000000000161d                asm_hrb_api
                0x000000000000163a                asm_end_app
                0x0000000000001645                start_app
 .text          0x0000000000001673        0x0 hankaku.o
 .text          0x0000000000001673      0x1a2 mysprintf.o
                0x0000000000001673                dec2asc
                0x00000000000016ee                hex2asc
                0x0000000000001779                sprintf
 .text          0x0000000000001815       0xf3 int.o
                0x0000000000001815                init_pic
                0x00000000000018f0                inthandler27
 .text          0x0000000000001908      0x178 fifo.o
                0x0000000000001908                fifo32_init
                0x000000000000194f                fifo32_put
                0x00000000000019fc                fifo32_get
                0x0000000000001a6b                fifo32_status
 .text          0x0000000000001a80       0xa6 keyboard.o
                0x0000000000001a80                wait_KBC_sendready
                0x0000000000001aa0                init_keyboard
                0x0000000000001ae1                inthandler21
 .text          0x0000000000001b26      0x1d8 mouse.o
                0x0000000000001b26                enable_mouse
                0x0000000000001b74                mouse_decode
                0x0000000000001ca7                inthandler2c
 .text          0x0000000000001cfe      0x4ab memory.o
                0x0000000000001cfe                memtest
                0x0000000000001db5                memman_init
                0x0000000000001de2                memman_total
                0x0000000000001e1a                memman_alloc
                0x0000000000001f01                memman_free
                0x000000000000214e                memman_alloc_4k
                0x000000000000217a                memman_free_4k
 .text          0x00000000000021a9      0xa82 sheet.o
                0x00000000000021a9                shtctl_init
                0x000000000000228b                sheet_alloc
                0x000000000000230b                sheet_setbuf
                0x0000000000002334                sheet_updown
                0x00000000000026b3                sheet_refresh
                0x0000000000002727                sheet_slide
                0x0000000000002846                sheet_free
                0x0000000000002873                sheet_refreshsub
                0x0000000000002a5d                sheet_refreshmap
 .text          0x0000000000002c2b      0x29e timer.o
                0x0000000000002c2b                init_pit
                0x0000000000002cd2                timer_alloc
                0x0000000000002d3b                timer_free
                0x0000000000002d4b                timer_init
                0x0000000000002d63                timer_settime
                0x0000000000002e1b                inthandler20
 .text          0x0000000000002ec9      0x710 mtask.o
                0x0000000000002ec9                task_init
                0x000000000000310d                task_alloc
                0x0000000000003238                task_run
                0x00000000000032ae                task_switch
                0x00000000000033a2                task_sleep
                0x00000000000033f5                task_now
                0x000000000000343b                task_add
                0x000000000000349a                task_remove
                0x000000000000356b                task_switchsub
                0x00000000000035cc                task_idle
 .text          0x00000000000035d9       0xa4 myfunction.o
                0x00000000000035d9                strcmp
                0x000000000000361e                strncmp
 .text          0x000000000000367d      0x517 window.o
                0x000000000000367d                make_window8
                0x0000000000003807                make_wtitle8
                0x00000000000038f6                putfonts8_asc_sht
                0x0000000000003995                make_textbox8
 .text          0x0000000000003b94     0x13d9 console.o
                0x0000000000003b94                console_task
                0x0000000000003f46                cons_putchar
                0x000000000000404b                cons_newline
                0x000000000000414e                cons_runcmd
                0x0000000000004239                cmd_mem
                0x0000000000004287                cmd_cls
                0x0000000000004303                cmd_dir
                0x000000000000442e                cmd_type
                0x000000000000451c                cmd_app
                0x0000000000004822                cons_putstr0
                0x0000000000004852                cons_putstr1
                0x0000000000004892                hrb_api
                0x0000000000004d85                inthandler0c
                0x0000000000004de7                inthandler0d
                0x0000000000004e49                hrb_api_linewin
 .text          0x0000000000004f6d      0x2ab file.o
                0x0000000000004f6d                file_readfat
                0x0000000000005017                file_loadfile
                0x00000000000050bb                file_search

.data           0x0000000000310000     0x1411 load address 0x0000000000005218
 *(.data)
 .data          0x0000000000310000      0x100 bootpack.o
 .data          0x0000000000310100      0x140 graphic.o
 .data          0x0000000000310240        0x0 dsctbl.o
 .data          0x0000000000310240     0x1000 hankaku.o
                0x0000000000310240                hankaku
 .data          0x0000000000311240        0x0 mysprintf.o
 .data          0x0000000000311240        0x0 int.o
 .data          0x0000000000311240        0x0 fifo.o
 .data          0x0000000000311240        0x0 keyboard.o
 .data          0x0000000000311240        0x0 mouse.o
 .data          0x0000000000311240        0x0 memory.o
 .data          0x0000000000311240        0x0 sheet.o
 .data          0x0000000000311240        0x0 timer.o
 .data          0x0000000000311240        0x0 mtask.o
 .data          0x0000000000311240        0x0 myfunction.o
 .data          0x0000000000311240       0xe0 window.o
 .data          0x0000000000311320        0x0 console.o
 .data          0x0000000000311320        0x0 file.o
 *(.rodata*)
 .rodata        0x0000000000311320       0x20 bootpack.o
 .rodata        0x0000000000311340       0xd1 console.o
 *(.bss)
 .bss           0x0000000000311411        0x0 bootpack.o
 .bss           0x0000000000311411        0x0 graphic.o
 .bss           0x0000000000311411        0x0 dsctbl.o
 .bss           0x0000000000311411        0x0 hankaku.o
 .bss           0x0000000000311411        0x0 mysprintf.o
 .bss           0x0000000000311411        0x0 int.o
 .bss           0x0000000000311411        0x0 fifo.o
 .bss           0x0000000000311411        0x0 keyboard.o
 .bss           0x0000000000311411        0x0 mouse.o
 .bss           0x0000000000311411        0x0 memory.o
 .bss           0x0000000000311411        0x0 sheet.o
 .bss           0x0000000000311411        0x0 timer.o
 .bss           0x0000000000311411        0x0 mtask.o
 .bss           0x0000000000311411        0x0 myfunction.o
 .bss           0x0000000000311411        0x0 window.o
 .bss           0x0000000000311411        0x0 console.o
 .bss           0x0000000000311411        0x0 file.o

/DISCARD/
 *(.eh_frame)
OUTPUT(bootpack.hrb binary)

.comment        0x0000000000000000      0x132
 .comment       0x0000000000000000       0x12 bootpack.o
 .comment       0x0000000000000012       0x12 graphic.o
 .comment       0x0000000000000024       0x12 dsctbl.o
 .comment       0x0000000000000036       0x12 hankaku.o
 .comment       0x0000000000000048       0x12 mysprintf.o
 .comment       0x000000000000005a       0x12 int.o
 .comment       0x000000000000006c       0x12 fifo.o
 .comment       0x000000000000007e       0x12 keyboard.o
 .comment       0x0000000000000090       0x12 mouse.o
 .comment       0x00000000000000a2       0x12 memory.o
 .comment       0x00000000000000b4       0x12 sheet.o
 .comment       0x00000000000000c6       0x12 timer.o
 .comment       0x00000000000000d8       0x12 mtask.o
 .comment       0x00000000000000ea       0x12 myfunction.o
 .comment       0x00000000000000fc       0x12 window.o
 .comment       0x000000000000010e       0x12 console.o
 .comment       0x0000000000000120       0x12 file.o

.debug_aranges  0x0000000000000000       0x20
 .debug_aranges
                0x0000000000000000       0x20 naskfunc.o

.debug_pubnames
                0x0000000000000000        0x0
 .debug_pubnames
                0x0000000000000000        0x0 naskfunc.o

.debug_info     0x0000000000000000       0x3e
 .debug_info    0x0000000000000000       0x3e naskfunc.o

.debug_abbrev   0x0000000000000000       0x1b
 .debug_abbrev  0x0000000000000000       0x1b naskfunc.o

.debug_line     0x0000000000000000      0x115
 .debug_line    0x0000000000000000      0x115 naskfunc.o

.debug_frame    0x0000000000000000        0x0
 .debug_frame   0x0000000000000000        0x0 naskfunc.o

.debug_loc      0x0000000000000000        0x0
 .debug_loc     0x0000000000000000        0x0 naskfunc.o

.bss            0x0000000000311420     0x2764 load address 0x0000000000006640
 COMMON         0x0000000000311420       0x2c int.o
                0x0000000000311420                keybuf
 COMMON         0x000000000031144c        0x8 keyboard.o
                0x000000000031144c                keyfifo
                0x0000000000311450                keydata0
 COMMON         0x0000000000311454        0x8 mouse.o
                0x0000000000311454                mousedata0
                0x0000000000311458                mousefifo
 *fill*         0x000000000031145c        0x4 
 COMMON         0x0000000000311460     0x271c timer.o
                0x0000000000311460                timerctl
 COMMON         0x0000000000313b7c        0x8 mtask.o
                0x0000000000313b7c                taskctl
                0x0000000000313b80                task_timer
