
Allocating common symbols
Common symbol       size              file

mousedata0          0x4               mouse.o
keyfifo             0x4               keyboard.o
taskctl             0x4               mtask.o
keybuf              0x2c              int.o
timerctl            0x271c            timer.o
mousefifo           0x4               mouse.o
task_timer          0x4               mtask.o
keydata0            0x4               keyboard.o

Discarded input sections

 .eh_frame      0x0000000000000000       0x34 bootpack.o
 .eh_frame      0x0000000000000000      0x120 graphic.o
 .eh_frame      0x0000000000000000       0x78 dsctbl.o
 .eh_frame      0x0000000000000000       0x7c mysprintf.o
 .eh_frame      0x0000000000000000       0x58 int.o
 .eh_frame      0x0000000000000000       0x98 fifo.o
 .eh_frame      0x0000000000000000       0x78 keyboard.o
 .eh_frame      0x0000000000000000       0x78 mouse.o
 .eh_frame      0x0000000000000000      0x104 memory.o
 .eh_frame      0x0000000000000000      0x15c sheet.o
 .eh_frame      0x0000000000000000       0xd8 timer.o
 .eh_frame      0x0000000000000000      0x16c mtask.o
 .eh_frame      0x0000000000000000       0x58 myfunction.o
 .eh_frame      0x0000000000000000       0xb0 window.o
 .eh_frame      0x0000000000000000      0x140 console.o
 .eh_frame      0x0000000000000000       0x78 file.o

Memory Configuration

Name             Origin             Length             Attributes
*default*        0x0000000000000000 0xffffffffffffffff

Linker script and memory map

LOAD bootpack.o
LOAD graphic.o
LOAD dsctbl.o
LOAD naskfunc.o
LOAD hankaku.o
LOAD mysprintf.o
LOAD int.o
LOAD fifo.o
LOAD keyboard.o
LOAD mouse.o
LOAD memory.o
LOAD sheet.o
LOAD timer.o
LOAD mtask.o
LOAD myfunction.o
LOAD window.o
LOAD console.o
LOAD file.o

.head           0x0000000000000000       0x24
                0x0000000000000000        0x4 LONG 0x10000
                0x0000000000000004        0x4 LONG 0x69726148
                0x0000000000000008        0x4 LONG 0x0
                0x000000000000000c        0x4 LONG 0x310000
                0x0000000000000010        0x4 LONG 0x1398 SIZEOF (.data)
                0x0000000000000014        0x4 LONG 0x4799 LOADADDR (.data)
                0x0000000000000018        0x4 LONG 0xe9000000
                0x000000000000001c        0x4 LONG 0x10 (HariMain - 0x20)
                0x0000000000000020        0x4 LONG 0x0

.text           0x0000000000000030     0x4769
 *(.text)
 .text          0x0000000000000030      0xb2c bootpack.o
                0x0000000000000030                HariMain
 .text          0x0000000000000b5c      0x5ad graphic.o
                0x0000000000000b5c                boxfill8
                0x0000000000000bab                init_palette
                0x0000000000000bc8                set_palette
                0x0000000000000c6e                init_screen
                0x0000000000000e89                putfont8
                0x0000000000000f81                putfonts8_asc
                0x0000000000000fcd                init_mouse_cursor8
                0x000000000000109d                putblock8_8
 .text          0x0000000000001109      0x20b dsctbl.o
                0x0000000000001109                init_gdtidt
                0x000000000000125e                set_segmdesc
                0x00000000000012d5                set_gatedesc
 *fill*         0x0000000000001314        0xc 
 .text          0x0000000000001320      0x140 naskfunc.o
                0x0000000000001320                io_hlt
                0x0000000000001322                io_cli
                0x0000000000001324                io_sti
                0x0000000000001326                io_stihlt
                0x0000000000001329                io_in8
                0x0000000000001334                io_in16
                0x0000000000001340                io_in32
                0x0000000000001346                io_out8
                0x0000000000001350                io_out16
                0x000000000000135b                io_out32
                0x0000000000001365                io_load_eflags
                0x0000000000001368                io_store_eflags
                0x000000000000136f                load_gdtr
                0x000000000000137f                load_idtr
                0x000000000000138f                asm_inthandler20
                0x00000000000013a6                asm_inthandler21
                0x00000000000013bd                asm_inthandler27
                0x00000000000013d4                asm_inthandler2c
                0x00000000000013eb                load_cr0
                0x00000000000013ef                store_cr0
                0x00000000000013f7                memtest_sub
                0x0000000000001439                load_tr
                0x000000000000143f                farjmp
                0x0000000000001444                farcall
                0x0000000000001449                asm_cons_putchar
 .text          0x0000000000001460        0x0 hankaku.o
 .text          0x0000000000001460      0x1a2 mysprintf.o
                0x0000000000001460                dec2asc
                0x00000000000014db                hex2asc
                0x0000000000001566                sprintf
 .text          0x0000000000001602       0xf3 int.o
                0x0000000000001602                init_pic
                0x00000000000016dd                inthandler27
 .text          0x00000000000016f5      0x178 fifo.o
                0x00000000000016f5                fifo32_init
                0x000000000000173c                fifo32_put
                0x00000000000017e9                fifo32_get
                0x0000000000001858                fifo32_status
 .text          0x000000000000186d       0xa6 keyboard.o
                0x000000000000186d                wait_KBC_sendready
                0x000000000000188d                init_keyboard
                0x00000000000018ce                inthandler21
 .text          0x0000000000001913      0x1d8 mouse.o
                0x0000000000001913                enable_mouse
                0x0000000000001961                mouse_decode
                0x0000000000001a94                inthandler2c
 .text          0x0000000000001aeb      0x4ab memory.o
                0x0000000000001aeb                memtest
                0x0000000000001ba2                memman_init
                0x0000000000001bcf                memman_total
                0x0000000000001c07                memman_alloc
                0x0000000000001cee                memman_free
                0x0000000000001f3b                memman_alloc_4k
                0x0000000000001f67                memman_free_4k
 .text          0x0000000000001f96      0xa72 sheet.o
                0x0000000000001f96                shtctl_init
                0x0000000000002078                sheet_alloc
                0x00000000000020ee                sheet_setbuf
                0x0000000000002117                sheet_updown
                0x0000000000002496                sheet_refresh
                0x000000000000250a                sheet_slide
                0x0000000000002629                sheet_free
                0x0000000000002656                sheet_refreshsub
                0x000000000000283d                sheet_refreshmap
 .text          0x0000000000002a08      0x29e timer.o
                0x0000000000002a08                init_pit
                0x0000000000002aaf                timer_alloc
                0x0000000000002b18                timer_free
                0x0000000000002b28                timer_init
                0x0000000000002b40                timer_settime
                0x0000000000002bf8                inthandler20
 .text          0x0000000000002ca6      0x706 mtask.o
                0x0000000000002ca6                task_init
                0x0000000000002eea                task_alloc
                0x000000000000300b                task_run
                0x0000000000003081                task_switch
                0x0000000000003175                task_sleep
                0x00000000000031c8                task_now
                0x000000000000320e                task_add
                0x000000000000326d                task_remove
                0x000000000000333e                task_switchsub
                0x000000000000339f                task_idle
 .text          0x00000000000033ac       0xa4 myfunction.o
                0x00000000000033ac                strcmp
                0x00000000000033f1                strncmp
 .text          0x0000000000003450      0x517 window.o
                0x0000000000003450                make_window8
                0x00000000000035da                make_wtitle8
                0x00000000000036c9                putfonts8_asc_sht
                0x0000000000003768                make_textbox8
 .text          0x0000000000003967      0xb87 console.o
                0x0000000000003967                console_task
                0x0000000000003d0d                cons_putchar
                0x0000000000003e12                cons_newline
                0x0000000000003f15                cons_runcmd
                0x0000000000004043                cmd_mem
                0x0000000000004106                cmd_cls
                0x0000000000004182                cmd_dir
                0x00000000000042cd                cmd_type
                0x00000000000043db                cmd_hlt
 .text          0x00000000000044ee      0x2ab file.o
                0x00000000000044ee                file_readfat
                0x0000000000004598                file_loadfile
                0x000000000000463c                file_search

.data           0x0000000000310000     0x1398 load address 0x0000000000004799
 *(.data)
 .data          0x0000000000310000      0x100 bootpack.o
 .data          0x0000000000310100      0x140 graphic.o
 .data          0x0000000000310240        0x0 dsctbl.o
 .data          0x0000000000310240     0x1000 hankaku.o
                0x0000000000310240                hankaku
 .data          0x0000000000311240        0x0 mysprintf.o
 .data          0x0000000000311240        0x0 int.o
 .data          0x0000000000311240        0x0 fifo.o
 .data          0x0000000000311240        0x0 keyboard.o
 .data          0x0000000000311240        0x0 mouse.o
 .data          0x0000000000311240        0x0 memory.o
 .data          0x0000000000311240        0x0 sheet.o
 .data          0x0000000000311240        0x0 timer.o
 .data          0x0000000000311240        0x0 mtask.o
 .data          0x0000000000311240        0x0 myfunction.o
 .data          0x0000000000311240       0xe0 window.o
 .data          0x0000000000311320        0x0 console.o
 .data          0x0000000000311320        0x0 file.o
 *(.rodata*)
 .rodata        0x0000000000311320       0x11 bootpack.o
 .rodata        0x0000000000311331       0x67 console.o
 *(.bss)
 .bss           0x0000000000311398        0x0 bootpack.o
 .bss           0x0000000000311398        0x0 graphic.o
 .bss           0x0000000000311398        0x0 dsctbl.o
 .bss           0x0000000000311398        0x0 hankaku.o
 .bss           0x0000000000311398        0x0 mysprintf.o
 .bss           0x0000000000311398        0x0 int.o
 .bss           0x0000000000311398        0x0 fifo.o
 .bss           0x0000000000311398        0x0 keyboard.o
 .bss           0x0000000000311398        0x0 mouse.o
 .bss           0x0000000000311398        0x0 memory.o
 .bss           0x0000000000311398        0x0 sheet.o
 .bss           0x0000000000311398        0x0 timer.o
 .bss           0x0000000000311398        0x0 mtask.o
 .bss           0x0000000000311398        0x0 myfunction.o
 .bss           0x0000000000311398        0x0 window.o
 .bss           0x0000000000311398        0x0 console.o
 .bss           0x0000000000311398        0x0 file.o

/DISCARD/
 *(.eh_frame)
OUTPUT(bootpack.hrb binary)

.comment        0x0000000000000000      0x132
 .comment       0x0000000000000000       0x12 bootpack.o
 .comment       0x0000000000000012       0x12 graphic.o
 .comment       0x0000000000000024       0x12 dsctbl.o
 .comment       0x0000000000000036       0x12 hankaku.o
 .comment       0x0000000000000048       0x12 mysprintf.o
 .comment       0x000000000000005a       0x12 int.o
 .comment       0x000000000000006c       0x12 fifo.o
 .comment       0x000000000000007e       0x12 keyboard.o
 .comment       0x0000000000000090       0x12 mouse.o
 .comment       0x00000000000000a2       0x12 memory.o
 .comment       0x00000000000000b4       0x12 sheet.o
 .comment       0x00000000000000c6       0x12 timer.o
 .comment       0x00000000000000d8       0x12 mtask.o
 .comment       0x00000000000000ea       0x12 myfunction.o
 .comment       0x00000000000000fc       0x12 window.o
 .comment       0x000000000000010e       0x12 console.o
 .comment       0x0000000000000120       0x12 file.o

.debug_aranges  0x0000000000000000       0x20
 .debug_aranges
                0x0000000000000000       0x20 naskfunc.o

.debug_pubnames
                0x0000000000000000        0x0
 .debug_pubnames
                0x0000000000000000        0x0 naskfunc.o

.debug_info     0x0000000000000000       0x3e
 .debug_info    0x0000000000000000       0x3e naskfunc.o

.debug_abbrev   0x0000000000000000       0x1b
 .debug_abbrev  0x0000000000000000       0x1b naskfunc.o

.debug_line     0x0000000000000000       0xd1
 .debug_line    0x0000000000000000       0xd1 naskfunc.o

.debug_frame    0x0000000000000000        0x0
 .debug_frame   0x0000000000000000        0x0 naskfunc.o

.debug_loc      0x0000000000000000        0x0
 .debug_loc     0x0000000000000000        0x0 naskfunc.o

.bss            0x00000000003113a0     0x2764 load address 0x0000000000005b40
 COMMON         0x00000000003113a0       0x2c int.o
                0x00000000003113a0                keybuf
 COMMON         0x00000000003113cc        0x8 keyboard.o
                0x00000000003113cc                keyfifo
                0x00000000003113d0                keydata0
 COMMON         0x00000000003113d4        0x8 mouse.o
                0x00000000003113d4                mousedata0
                0x00000000003113d8                mousefifo
 *fill*         0x00000000003113dc        0x4 
 COMMON         0x00000000003113e0     0x271c timer.o
                0x00000000003113e0                timerctl
 COMMON         0x0000000000313afc        0x8 mtask.o
                0x0000000000313afc                taskctl
                0x0000000000313b00                task_timer
