
Allocating common symbols
Common symbol       size              file

mousedata0          0x4               mouse.o
keyfifo             0x4               keyboard.o
taskctl             0x4               mtask.o
keybuf              0x2c              int.o
timerctl            0x271c            timer.o
mousefifo           0x4               mouse.o
task_timer          0x4               mtask.o
keydata0            0x4               keyboard.o

Discarded input sections

 .eh_frame      0x0000000000000000       0x34 bootpack.o
 .eh_frame      0x0000000000000000      0x120 graphic.o
 .eh_frame      0x0000000000000000       0x78 dsctbl.o
 .eh_frame      0x0000000000000000       0x7c mysprintf.o
 .eh_frame      0x0000000000000000       0x58 int.o
 .eh_frame      0x0000000000000000       0x98 fifo.o
 .eh_frame      0x0000000000000000       0x78 keyboard.o
 .eh_frame      0x0000000000000000       0x78 mouse.o
 .eh_frame      0x0000000000000000      0x104 memory.o
 .eh_frame      0x0000000000000000      0x15c sheet.o
 .eh_frame      0x0000000000000000       0xd8 timer.o
 .eh_frame      0x0000000000000000      0x16c mtask.o
 .eh_frame      0x0000000000000000       0x58 myfunction.o
 .eh_frame      0x0000000000000000       0xb0 window.o
 .eh_frame      0x0000000000000000      0x204 console.o
 .eh_frame      0x0000000000000000       0x78 file.o

Memory Configuration

Name             Origin             Length             Attributes
*default*        0x0000000000000000 0xffffffffffffffff

Linker script and memory map

LOAD bootpack.o
LOAD graphic.o
LOAD dsctbl.o
LOAD naskfunc.o
LOAD hankaku.o
LOAD mysprintf.o
LOAD int.o
LOAD fifo.o
LOAD keyboard.o
LOAD mouse.o
LOAD memory.o
LOAD sheet.o
LOAD timer.o
LOAD mtask.o
LOAD myfunction.o
LOAD window.o
LOAD console.o
LOAD file.o

.head           0x0000000000000000       0x24
                0x0000000000000000        0x4 LONG 0x10000
                0x0000000000000004        0x4 LONG 0x69726148
                0x0000000000000008        0x4 LONG 0x0
                0x000000000000000c        0x4 LONG 0x310000
                0x0000000000000010        0x4 LONG 0x1411 SIZEOF (.data)
                0x0000000000000014        0x4 LONG 0x52c8 LOADADDR (.data)
                0x0000000000000018        0x4 LONG 0xe9000000
                0x000000000000001c        0x4 LONG 0x10 (HariMain - 0x20)
                0x0000000000000020        0x4 LONG 0x0

.text           0x0000000000000030     0x5298
 *(.text)
 .text          0x0000000000000030      0xd1b bootpack.o
                0x0000000000000030                HariMain
 .text          0x0000000000000d4b      0x5ad graphic.o
                0x0000000000000d4b                boxfill8
                0x0000000000000d9a                init_palette
                0x0000000000000db7                set_palette
                0x0000000000000e5d                init_screen
                0x0000000000001078                putfont8
                0x0000000000001170                putfonts8_asc
                0x00000000000011bc                init_mouse_cursor8
                0x000000000000128c                putblock8_8
 .text          0x00000000000012f8      0x261 dsctbl.o
                0x00000000000012f8                init_gdtidt
                0x00000000000014a3                set_segmdesc
                0x000000000000151a                set_gatedesc
 *fill*         0x0000000000001559        0x7 
 .text          0x0000000000001560      0x1c3 naskfunc.o
                0x0000000000001560                io_hlt
                0x0000000000001562                io_cli
                0x0000000000001564                io_sti
                0x0000000000001566                io_stihlt
                0x0000000000001569                io_in8
                0x0000000000001574                io_in16
                0x0000000000001580                io_in32
                0x0000000000001586                io_out8
                0x0000000000001590                io_out16
                0x000000000000159b                io_out32
                0x00000000000015a5                io_load_eflags
                0x00000000000015a8                io_store_eflags
                0x00000000000015af                load_gdtr
                0x00000000000015bf                load_idtr
                0x00000000000015cf                load_cr0
                0x00000000000015d3                store_cr0
                0x00000000000015db                load_tr
                0x00000000000015e1                asm_inthandler20
                0x00000000000015f8                asm_inthandler21
                0x000000000000160f                asm_inthandler27
                0x0000000000001626                asm_inthandler2c
                0x000000000000163d                asm_inthandler0c
                0x0000000000001661                asm_inthandler0d
                0x0000000000001681                memtest_sub
                0x00000000000016c3                farjmp
                0x00000000000016c8                farcall
                0x00000000000016cd                asm_hrb_api
                0x00000000000016ea                asm_end_app
                0x00000000000016f5                start_app
 .text          0x0000000000001723        0x0 hankaku.o
 .text          0x0000000000001723      0x1a2 mysprintf.o
                0x0000000000001723                dec2asc
                0x000000000000179e                hex2asc
                0x0000000000001829                sprintf
 .text          0x00000000000018c5       0xf3 int.o
                0x00000000000018c5                init_pic
                0x00000000000019a0                inthandler27
 .text          0x00000000000019b8      0x178 fifo.o
                0x00000000000019b8                fifo32_init
                0x00000000000019ff                fifo32_put
                0x0000000000001aac                fifo32_get
                0x0000000000001b1b                fifo32_status
 .text          0x0000000000001b30       0xa6 keyboard.o
                0x0000000000001b30                wait_KBC_sendready
                0x0000000000001b50                init_keyboard
                0x0000000000001b91                inthandler21
 .text          0x0000000000001bd6      0x1d8 mouse.o
                0x0000000000001bd6                enable_mouse
                0x0000000000001c24                mouse_decode
                0x0000000000001d57                inthandler2c
 .text          0x0000000000001dae      0x4ab memory.o
                0x0000000000001dae                memtest
                0x0000000000001e65                memman_init
                0x0000000000001e92                memman_total
                0x0000000000001eca                memman_alloc
                0x0000000000001fb1                memman_free
                0x00000000000021fe                memman_alloc_4k
                0x000000000000222a                memman_free_4k
 .text          0x0000000000002259      0xa82 sheet.o
                0x0000000000002259                shtctl_init
                0x000000000000233b                sheet_alloc
                0x00000000000023bb                sheet_setbuf
                0x00000000000023e4                sheet_updown
                0x0000000000002763                sheet_refresh
                0x00000000000027d7                sheet_slide
                0x00000000000028f6                sheet_free
                0x0000000000002923                sheet_refreshsub
                0x0000000000002b0d                sheet_refreshmap
 .text          0x0000000000002cdb      0x29e timer.o
                0x0000000000002cdb                init_pit
                0x0000000000002d82                timer_alloc
                0x0000000000002deb                timer_free
                0x0000000000002dfb                timer_init
                0x0000000000002e13                timer_settime
                0x0000000000002ecb                inthandler20
 .text          0x0000000000002f79      0x710 mtask.o
                0x0000000000002f79                task_init
                0x00000000000031bd                task_alloc
                0x00000000000032e8                task_run
                0x000000000000335e                task_switch
                0x0000000000003452                task_sleep
                0x00000000000034a5                task_now
                0x00000000000034eb                task_add
                0x000000000000354a                task_remove
                0x000000000000361b                task_switchsub
                0x000000000000367c                task_idle
 .text          0x0000000000003689       0xa4 myfunction.o
                0x0000000000003689                strcmp
                0x00000000000036ce                strncmp
 .text          0x000000000000372d      0x517 window.o
                0x000000000000372d                make_window8
                0x00000000000038b7                make_wtitle8
                0x00000000000039a6                putfonts8_asc_sht
                0x0000000000003a45                make_textbox8
 .text          0x0000000000003c44     0x13d9 console.o
                0x0000000000003c44                console_task
                0x0000000000003ff6                cons_putchar
                0x00000000000040fb                cons_newline
                0x00000000000041fe                cons_runcmd
                0x00000000000042e9                cmd_mem
                0x0000000000004337                cmd_cls
                0x00000000000043b3                cmd_dir
                0x00000000000044de                cmd_type
                0x00000000000045cc                cmd_app
                0x00000000000048d2                cons_putstr0
                0x0000000000004902                cons_putstr1
                0x0000000000004942                hrb_api
                0x0000000000004e35                inthandler0c
                0x0000000000004e97                inthandler0d
                0x0000000000004ef9                hrb_api_linewin
 .text          0x000000000000501d      0x2ab file.o
                0x000000000000501d                file_readfat
                0x00000000000050c7                file_loadfile
                0x000000000000516b                file_search

.data           0x0000000000310000     0x1411 load address 0x00000000000052c8
 *(.data)
 .data          0x0000000000310000      0x100 bootpack.o
 .data          0x0000000000310100      0x140 graphic.o
 .data          0x0000000000310240        0x0 dsctbl.o
 .data          0x0000000000310240     0x1000 hankaku.o
                0x0000000000310240                hankaku
 .data          0x0000000000311240        0x0 mysprintf.o
 .data          0x0000000000311240        0x0 int.o
 .data          0x0000000000311240        0x0 fifo.o
 .data          0x0000000000311240        0x0 keyboard.o
 .data          0x0000000000311240        0x0 mouse.o
 .data          0x0000000000311240        0x0 memory.o
 .data          0x0000000000311240        0x0 sheet.o
 .data          0x0000000000311240        0x0 timer.o
 .data          0x0000000000311240        0x0 mtask.o
 .data          0x0000000000311240        0x0 myfunction.o
 .data          0x0000000000311240       0xe0 window.o
 .data          0x0000000000311320        0x0 console.o
 .data          0x0000000000311320        0x0 file.o
 *(.rodata*)
 .rodata        0x0000000000311320       0x20 bootpack.o
 .rodata        0x0000000000311340       0xd1 console.o
 *(.bss)
 .bss           0x0000000000311411        0x0 bootpack.o
 .bss           0x0000000000311411        0x0 graphic.o
 .bss           0x0000000000311411        0x0 dsctbl.o
 .bss           0x0000000000311411        0x0 hankaku.o
 .bss           0x0000000000311411        0x0 mysprintf.o
 .bss           0x0000000000311411        0x0 int.o
 .bss           0x0000000000311411        0x0 fifo.o
 .bss           0x0000000000311411        0x0 keyboard.o
 .bss           0x0000000000311411        0x0 mouse.o
 .bss           0x0000000000311411        0x0 memory.o
 .bss           0x0000000000311411        0x0 sheet.o
 .bss           0x0000000000311411        0x0 timer.o
 .bss           0x0000000000311411        0x0 mtask.o
 .bss           0x0000000000311411        0x0 myfunction.o
 .bss           0x0000000000311411        0x0 window.o
 .bss           0x0000000000311411        0x0 console.o
 .bss           0x0000000000311411        0x0 file.o

/DISCARD/
 *(.eh_frame)
OUTPUT(bootpack.hrb binary)

.comment        0x0000000000000000      0x132
 .comment       0x0000000000000000       0x12 bootpack.o
 .comment       0x0000000000000012       0x12 graphic.o
 .comment       0x0000000000000024       0x12 dsctbl.o
 .comment       0x0000000000000036       0x12 hankaku.o
 .comment       0x0000000000000048       0x12 mysprintf.o
 .comment       0x000000000000005a       0x12 int.o
 .comment       0x000000000000006c       0x12 fifo.o
 .comment       0x000000000000007e       0x12 keyboard.o
 .comment       0x0000000000000090       0x12 mouse.o
 .comment       0x00000000000000a2       0x12 memory.o
 .comment       0x00000000000000b4       0x12 sheet.o
 .comment       0x00000000000000c6       0x12 timer.o
 .comment       0x00000000000000d8       0x12 mtask.o
 .comment       0x00000000000000ea       0x12 myfunction.o
 .comment       0x00000000000000fc       0x12 window.o
 .comment       0x000000000000010e       0x12 console.o
 .comment       0x0000000000000120       0x12 file.o

.debug_aranges  0x0000000000000000       0x20
 .debug_aranges
                0x0000000000000000       0x20 naskfunc.o

.debug_pubnames
                0x0000000000000000        0x0
 .debug_pubnames
                0x0000000000000000        0x0 naskfunc.o

.debug_info     0x0000000000000000       0x3e
 .debug_info    0x0000000000000000       0x3e naskfunc.o

.debug_abbrev   0x0000000000000000       0x1b
 .debug_abbrev  0x0000000000000000       0x1b naskfunc.o

.debug_line     0x0000000000000000      0x115
 .debug_line    0x0000000000000000      0x115 naskfunc.o

.debug_frame    0x0000000000000000        0x0
 .debug_frame   0x0000000000000000        0x0 naskfunc.o

.debug_loc      0x0000000000000000        0x0
 .debug_loc     0x0000000000000000        0x0 naskfunc.o

.bss            0x0000000000311420     0x2764 load address 0x0000000000006700
 COMMON         0x0000000000311420       0x2c int.o
                0x0000000000311420                keybuf
 COMMON         0x000000000031144c        0x8 keyboard.o
                0x000000000031144c                keyfifo
                0x0000000000311450                keydata0
 COMMON         0x0000000000311454        0x8 mouse.o
                0x0000000000311454                mousedata0
                0x0000000000311458                mousefifo
 *fill*         0x000000000031145c        0x4 
 COMMON         0x0000000000311460     0x271c timer.o
                0x0000000000311460                timerctl
 COMMON         0x0000000000313b7c        0x8 mtask.o
                0x0000000000313b7c                taskctl
                0x0000000000313b80                task_timer
