
Allocating common symbols
Common symbol       size              file

mousedata0          0x4               mouse.o
keyfifo             0x4               keyboard.o
taskctl             0x4               mtask.o
keybuf              0x2c              int.o
timerctl            0x271c            timer.o
mousefifo           0x4               mouse.o
task_timer          0x4               mtask.o
keydata0            0x4               keyboard.o

Discarded input sections

 .eh_frame      0x0000000000000000       0x34 bootpack.o
 .eh_frame      0x0000000000000000      0x120 graphic.o
 .eh_frame      0x0000000000000000       0x78 dsctbl.o
 .eh_frame      0x0000000000000000       0x7c mysprintf.o
 .eh_frame      0x0000000000000000       0x58 int.o
 .eh_frame      0x0000000000000000       0x98 fifo.o
 .eh_frame      0x0000000000000000       0x78 keyboard.o
 .eh_frame      0x0000000000000000       0x78 mouse.o
 .eh_frame      0x0000000000000000      0x104 memory.o
 .eh_frame      0x0000000000000000      0x15c sheet.o
 .eh_frame      0x0000000000000000       0xd8 timer.o
 .eh_frame      0x0000000000000000      0x16c mtask.o
 .eh_frame      0x0000000000000000       0x58 myfunction.o
 .eh_frame      0x0000000000000000       0xb0 window.o
 .eh_frame      0x0000000000000000      0x1e0 console.o
 .eh_frame      0x0000000000000000       0x78 file.o

Memory Configuration

Name             Origin             Length             Attributes
*default*        0x0000000000000000 0xffffffffffffffff

Linker script and memory map

LOAD bootpack.o
LOAD graphic.o
LOAD dsctbl.o
LOAD naskfunc.o
LOAD hankaku.o
LOAD mysprintf.o
LOAD int.o
LOAD fifo.o
LOAD keyboard.o
LOAD mouse.o
LOAD memory.o
LOAD sheet.o
LOAD timer.o
LOAD mtask.o
LOAD myfunction.o
LOAD window.o
LOAD console.o
LOAD file.o

.head           0x0000000000000000       0x24
                0x0000000000000000        0x4 LONG 0x10000
                0x0000000000000004        0x4 LONG 0x69726148
                0x0000000000000008        0x4 LONG 0x0
                0x000000000000000c        0x4 LONG 0x310000
                0x0000000000000010        0x4 LONG 0x13ed SIZEOF (.data)
                0x0000000000000014        0x4 LONG 0x4a7b LOADADDR (.data)
                0x0000000000000018        0x4 LONG 0xe9000000
                0x000000000000001c        0x4 LONG 0x10 (HariMain - 0x20)
                0x0000000000000020        0x4 LONG 0x0

.text           0x0000000000000030     0x4a4b
 *(.text)
 .text          0x0000000000000030      0xb2c bootpack.o
                0x0000000000000030                HariMain
 .text          0x0000000000000b5c      0x5ad graphic.o
                0x0000000000000b5c                boxfill8
                0x0000000000000bab                init_palette
                0x0000000000000bc8                set_palette
                0x0000000000000c6e                init_screen
                0x0000000000000e89                putfont8
                0x0000000000000f81                putfonts8_asc
                0x0000000000000fcd                init_mouse_cursor8
                0x000000000000109d                putblock8_8
 .text          0x0000000000001109      0x261 dsctbl.o
                0x0000000000001109                init_gdtidt
                0x00000000000012b4                set_segmdesc
                0x000000000000132b                set_gatedesc
 *fill*         0x000000000000136a        0x6 
 .text          0x0000000000001370      0x1bc naskfunc.o
                0x0000000000001370                io_hlt
                0x0000000000001372                io_cli
                0x0000000000001374                io_sti
                0x0000000000001376                io_stihlt
                0x0000000000001379                io_in8
                0x0000000000001384                io_in16
                0x0000000000001390                io_in32
                0x0000000000001396                io_out8
                0x00000000000013a0                io_out16
                0x00000000000013ab                io_out32
                0x00000000000013b5                io_load_eflags
                0x00000000000013b8                io_store_eflags
                0x00000000000013bf                load_gdtr
                0x00000000000013cf                load_idtr
                0x00000000000013df                load_cr0
                0x00000000000013e3                store_cr0
                0x00000000000013eb                load_tr
                0x00000000000013f1                asm_inthandler20
                0x0000000000001408                asm_inthandler21
                0x000000000000141f                asm_inthandler27
                0x0000000000001436                asm_inthandler2c
                0x000000000000144d                asm_inthandler0c
                0x0000000000001471                asm_inthandler0d
                0x0000000000001491                memtest_sub
                0x00000000000014d3                farjmp
                0x00000000000014d8                farcall
                0x00000000000014dd                asm_hrb_api
                0x00000000000014fe                start_app
 .text          0x000000000000152c        0x0 hankaku.o
 .text          0x000000000000152c      0x1a2 mysprintf.o
                0x000000000000152c                dec2asc
                0x00000000000015a7                hex2asc
                0x0000000000001632                sprintf
 .text          0x00000000000016ce       0xf3 int.o
                0x00000000000016ce                init_pic
                0x00000000000017a9                inthandler27
 .text          0x00000000000017c1      0x178 fifo.o
                0x00000000000017c1                fifo32_init
                0x0000000000001808                fifo32_put
                0x00000000000018b5                fifo32_get
                0x0000000000001924                fifo32_status
 .text          0x0000000000001939       0xa6 keyboard.o
                0x0000000000001939                wait_KBC_sendready
                0x0000000000001959                init_keyboard
                0x000000000000199a                inthandler21
 .text          0x00000000000019df      0x1d8 mouse.o
                0x00000000000019df                enable_mouse
                0x0000000000001a2d                mouse_decode
                0x0000000000001b60                inthandler2c
 .text          0x0000000000001bb7      0x4ab memory.o
                0x0000000000001bb7                memtest
                0x0000000000001c6e                memman_init
                0x0000000000001c9b                memman_total
                0x0000000000001cd3                memman_alloc
                0x0000000000001dba                memman_free
                0x0000000000002007                memman_alloc_4k
                0x0000000000002033                memman_free_4k
 .text          0x0000000000002062      0xa72 sheet.o
                0x0000000000002062                shtctl_init
                0x0000000000002144                sheet_alloc
                0x00000000000021ba                sheet_setbuf
                0x00000000000021e3                sheet_updown
                0x0000000000002562                sheet_refresh
                0x00000000000025d6                sheet_slide
                0x00000000000026f5                sheet_free
                0x0000000000002722                sheet_refreshsub
                0x0000000000002909                sheet_refreshmap
 .text          0x0000000000002ad4      0x29e timer.o
                0x0000000000002ad4                init_pit
                0x0000000000002b7b                timer_alloc
                0x0000000000002be4                timer_free
                0x0000000000002bf4                timer_init
                0x0000000000002c0c                timer_settime
                0x0000000000002cc4                inthandler20
 .text          0x0000000000002d72      0x706 mtask.o
                0x0000000000002d72                task_init
                0x0000000000002fb6                task_alloc
                0x00000000000030d7                task_run
                0x000000000000314d                task_switch
                0x0000000000003241                task_sleep
                0x0000000000003294                task_now
                0x00000000000032da                task_add
                0x0000000000003339                task_remove
                0x000000000000340a                task_switchsub
                0x000000000000346b                task_idle
 .text          0x0000000000003478       0xa4 myfunction.o
                0x0000000000003478                strcmp
                0x00000000000034bd                strncmp
 .text          0x000000000000351c      0x517 window.o
                0x000000000000351c                make_window8
                0x00000000000036a6                make_wtitle8
                0x0000000000003795                putfonts8_asc_sht
                0x0000000000003834                make_textbox8
 .text          0x0000000000003a33      0xd9d console.o
                0x0000000000003a33                console_task
                0x0000000000003dd9                cons_putchar
                0x0000000000003ede                cons_newline
                0x0000000000003fe1                cons_runcmd
                0x00000000000040cc                cmd_mem
                0x000000000000411a                cmd_cls
                0x0000000000004196                cmd_dir
                0x00000000000042c1                cmd_type
                0x00000000000043af                cmd_app
                0x0000000000004605                cons_putstr0
                0x0000000000004635                cons_putstr1
                0x0000000000004675                hrb_api
                0x000000000000470c                inthandler0c
                0x000000000000476e                inthandler0d
 .text          0x00000000000047d0      0x2ab file.o
                0x00000000000047d0                file_readfat
                0x000000000000487a                file_loadfile
                0x000000000000491e                file_search

.data           0x0000000000310000     0x13ed load address 0x0000000000004a7b
 *(.data)
 .data          0x0000000000310000      0x100 bootpack.o
 .data          0x0000000000310100      0x140 graphic.o
 .data          0x0000000000310240        0x0 dsctbl.o
 .data          0x0000000000310240     0x1000 hankaku.o
                0x0000000000310240                hankaku
 .data          0x0000000000311240        0x0 mysprintf.o
 .data          0x0000000000311240        0x0 int.o
 .data          0x0000000000311240        0x0 fifo.o
 .data          0x0000000000311240        0x0 keyboard.o
 .data          0x0000000000311240        0x0 mouse.o
 .data          0x0000000000311240        0x0 memory.o
 .data          0x0000000000311240        0x0 sheet.o
 .data          0x0000000000311240        0x0 timer.o
 .data          0x0000000000311240        0x0 mtask.o
 .data          0x0000000000311240        0x0 myfunction.o
 .data          0x0000000000311240       0xe0 window.o
 .data          0x0000000000311320        0x0 console.o
 .data          0x0000000000311320        0x0 file.o
 *(.rodata*)
 .rodata        0x0000000000311320       0x11 bootpack.o
 *fill*         0x0000000000311331        0x3 
 .rodata        0x0000000000311334       0xb9 console.o
 *(.bss)
 .bss           0x00000000003113ed        0x0 bootpack.o
 .bss           0x00000000003113ed        0x0 graphic.o
 .bss           0x00000000003113ed        0x0 dsctbl.o
 .bss           0x00000000003113ed        0x0 hankaku.o
 .bss           0x00000000003113ed        0x0 mysprintf.o
 .bss           0x00000000003113ed        0x0 int.o
 .bss           0x00000000003113ed        0x0 fifo.o
 .bss           0x00000000003113ed        0x0 keyboard.o
 .bss           0x00000000003113ed        0x0 mouse.o
 .bss           0x00000000003113ed        0x0 memory.o
 .bss           0x00000000003113ed        0x0 sheet.o
 .bss           0x00000000003113ed        0x0 timer.o
 .bss           0x00000000003113ed        0x0 mtask.o
 .bss           0x00000000003113ed        0x0 myfunction.o
 .bss           0x00000000003113ed        0x0 window.o
 .bss           0x00000000003113ed        0x0 console.o
 .bss           0x00000000003113ed        0x0 file.o

/DISCARD/
 *(.eh_frame)
OUTPUT(bootpack.hrb binary)

.comment        0x0000000000000000      0x132
 .comment       0x0000000000000000       0x12 bootpack.o
 .comment       0x0000000000000012       0x12 graphic.o
 .comment       0x0000000000000024       0x12 dsctbl.o
 .comment       0x0000000000000036       0x12 hankaku.o
 .comment       0x0000000000000048       0x12 mysprintf.o
 .comment       0x000000000000005a       0x12 int.o
 .comment       0x000000000000006c       0x12 fifo.o
 .comment       0x000000000000007e       0x12 keyboard.o
 .comment       0x0000000000000090       0x12 mouse.o
 .comment       0x00000000000000a2       0x12 memory.o
 .comment       0x00000000000000b4       0x12 sheet.o
 .comment       0x00000000000000c6       0x12 timer.o
 .comment       0x00000000000000d8       0x12 mtask.o
 .comment       0x00000000000000ea       0x12 myfunction.o
 .comment       0x00000000000000fc       0x12 window.o
 .comment       0x000000000000010e       0x12 console.o
 .comment       0x0000000000000120       0x12 file.o

.debug_aranges  0x0000000000000000       0x20
 .debug_aranges
                0x0000000000000000       0x20 naskfunc.o

.debug_pubnames
                0x0000000000000000        0x0
 .debug_pubnames
                0x0000000000000000        0x0 naskfunc.o

.debug_info     0x0000000000000000       0x3e
 .debug_info    0x0000000000000000       0x3e naskfunc.o

.debug_abbrev   0x0000000000000000       0x1b
 .debug_abbrev  0x0000000000000000       0x1b naskfunc.o

.debug_line     0x0000000000000000      0x114
 .debug_line    0x0000000000000000      0x114 naskfunc.o

.debug_frame    0x0000000000000000        0x0
 .debug_frame   0x0000000000000000        0x0 naskfunc.o

.debug_loc      0x0000000000000000        0x0
 .debug_loc     0x0000000000000000        0x0 naskfunc.o

.bss            0x0000000000311400     0x2764 load address 0x0000000000005e80
 COMMON         0x0000000000311400       0x2c int.o
                0x0000000000311400                keybuf
 COMMON         0x000000000031142c        0x8 keyboard.o
                0x000000000031142c                keyfifo
                0x0000000000311430                keydata0
 COMMON         0x0000000000311434        0x8 mouse.o
                0x0000000000311434                mousedata0
                0x0000000000311438                mousefifo
 *fill*         0x000000000031143c        0x4 
 COMMON         0x0000000000311440     0x271c timer.o
                0x0000000000311440                timerctl
 COMMON         0x0000000000313b5c        0x8 mtask.o
                0x0000000000313b5c                taskctl
                0x0000000000313b60                task_timer
