
Allocating common symbols
Common symbol       size              file

mousedata0          0x4               mouse.o
keyfifo             0x4               keyboard.o
taskctl             0x4               mtask.o
keybuf              0x2c              int.o
timerctl            0x2eec            timer.o
mousefifo           0x4               mouse.o
task_timer          0x4               mtask.o
keydata0            0x4               keyboard.o

Discarded input sections

 .eh_frame      0x0000000000000000       0x74 bootpack.o
 .eh_frame      0x0000000000000000      0x124 graphic.o
 .eh_frame      0x0000000000000000       0x78 dsctbl.o
 .eh_frame      0x0000000000000000       0x7c mysprintf.o
 .eh_frame      0x0000000000000000       0x58 int.o
 .eh_frame      0x0000000000000000       0x98 fifo.o
 .eh_frame      0x0000000000000000       0x78 keyboard.o
 .eh_frame      0x0000000000000000       0x78 mouse.o
 .eh_frame      0x0000000000000000      0x104 memory.o
 .eh_frame      0x0000000000000000      0x15c sheet.o
 .eh_frame      0x0000000000000000      0x118 timer.o
 .eh_frame      0x0000000000000000      0x16c mtask.o
 .eh_frame      0x0000000000000000       0x58 myfunction.o
 .eh_frame      0x0000000000000000       0xd0 window.o
 .eh_frame      0x0000000000000000      0x208 console.o
 .eh_frame      0x0000000000000000       0x78 file.o

Memory Configuration

Name             Origin             Length             Attributes
*default*        0x0000000000000000 0xffffffffffffffff

Linker script and memory map

LOAD bootpack.o
LOAD graphic.o
LOAD dsctbl.o
LOAD naskfunc.o
LOAD hankaku.o
LOAD mysprintf.o
LOAD int.o
LOAD fifo.o
LOAD keyboard.o
LOAD mouse.o
LOAD memory.o
LOAD sheet.o
LOAD timer.o
LOAD mtask.o
LOAD myfunction.o
LOAD window.o
LOAD console.o
LOAD file.o

.head           0x0000000000000000       0x24
                0x0000000000000000        0x4 LONG 0x10000
                0x0000000000000004        0x4 LONG 0x69726148
                0x0000000000000008        0x4 LONG 0x0
                0x000000000000000c        0x4 LONG 0x310000
                0x0000000000000010        0x4 LONG 0x1425 SIZEOF (.data)
                0x0000000000000014        0x4 LONG 0x5a3f LOADADDR (.data)
                0x0000000000000018        0x4 LONG 0xe9000000
                0x000000000000001c        0x4 LONG 0x10 (HariMain - 0x20)
                0x0000000000000020        0x4 LONG 0x0

.text           0x0000000000000030     0x5a0f
 *(.text)
 .text          0x0000000000000030      0xf55 bootpack.o
                0x0000000000000030                HariMain
                0x0000000000000ebd                keywin_off
                0x0000000000000f35                keywin_on
 .text          0x0000000000000f85      0x6f7 graphic.o
                0x0000000000000f85                boxfill8
                0x0000000000000fd4                init_palette
                0x000000000000113b                set_palette
                0x00000000000011e1                init_screen
                0x00000000000013fc                putfont8
                0x00000000000014f4                putfonts8_asc
                0x0000000000001540                init_mouse_cursor8
                0x0000000000001610                putblock8_8
 .text          0x000000000000167c      0x261 dsctbl.o
                0x000000000000167c                init_gdtidt
                0x0000000000001827                set_segmdesc
                0x000000000000189e                set_gatedesc
 *fill*         0x00000000000018dd        0x3 
 .text          0x00000000000018e0      0x1c3 naskfunc.o
                0x00000000000018e0                io_hlt
                0x00000000000018e2                io_cli
                0x00000000000018e4                io_sti
                0x00000000000018e6                io_stihlt
                0x00000000000018e9                io_in8
                0x00000000000018f4                io_in16
                0x0000000000001900                io_in32
                0x0000000000001906                io_out8
                0x0000000000001910                io_out16
                0x000000000000191b                io_out32
                0x0000000000001925                io_load_eflags
                0x0000000000001928                io_store_eflags
                0x000000000000192f                load_gdtr
                0x000000000000193f                load_idtr
                0x000000000000194f                load_cr0
                0x0000000000001953                store_cr0
                0x000000000000195b                load_tr
                0x0000000000001961                asm_inthandler20
                0x0000000000001978                asm_inthandler21
                0x000000000000198f                asm_inthandler27
                0x00000000000019a6                asm_inthandler2c
                0x00000000000019bd                asm_inthandler0c
                0x00000000000019e1                asm_inthandler0d
                0x0000000000001a01                memtest_sub
                0x0000000000001a43                farjmp
                0x0000000000001a48                farcall
                0x0000000000001a4d                asm_hrb_api
                0x0000000000001a6a                asm_end_app
                0x0000000000001a75                start_app
 .text          0x0000000000001aa3        0x0 hankaku.o
 .text          0x0000000000001aa3      0x1a2 mysprintf.o
                0x0000000000001aa3                dec2asc
                0x0000000000001b1e                hex2asc
                0x0000000000001ba9                sprintf
 .text          0x0000000000001c45       0xf3 int.o
                0x0000000000001c45                init_pic
                0x0000000000001d20                inthandler27
 .text          0x0000000000001d38      0x178 fifo.o
                0x0000000000001d38                fifo32_init
                0x0000000000001d7f                fifo32_put
                0x0000000000001e2c                fifo32_get
                0x0000000000001e9b                fifo32_status
 .text          0x0000000000001eb0       0xa6 keyboard.o
                0x0000000000001eb0                wait_KBC_sendready
                0x0000000000001ed0                init_keyboard
                0x0000000000001f11                inthandler21
 .text          0x0000000000001f56      0x1d8 mouse.o
                0x0000000000001f56                enable_mouse
                0x0000000000001fa4                mouse_decode
                0x00000000000020d7                inthandler2c
 .text          0x000000000000212e      0x4ab memory.o
                0x000000000000212e                memtest
                0x00000000000021e5                memman_init
                0x0000000000002212                memman_total
                0x000000000000224a                memman_alloc
                0x0000000000002331                memman_free
                0x000000000000257e                memman_alloc_4k
                0x00000000000025aa                memman_free_4k
 .text          0x00000000000025d9      0xa82 sheet.o
                0x00000000000025d9                shtctl_init
                0x00000000000026bb                sheet_alloc
                0x000000000000273b                sheet_setbuf
                0x0000000000002764                sheet_updown
                0x0000000000002ae3                sheet_refresh
                0x0000000000002b57                sheet_slide
                0x0000000000002c76                sheet_free
                0x0000000000002ca3                sheet_refreshsub
                0x0000000000002e8d                sheet_refreshmap
 .text          0x000000000000305b      0x3d3 timer.o
                0x000000000000305b                init_pit
                0x0000000000003101                timer_alloc
                0x000000000000317e                timer_free
                0x000000000000318e                timer_init
                0x00000000000031a6                timer_settime
                0x0000000000003255                inthandler20
                0x0000000000003303                timer_cancel
                0x00000000000033a3                timer_cancelall
 .text          0x000000000000342e      0x71f mtask.o
                0x000000000000342e                task_init
                0x000000000000367b                task_alloc
                0x00000000000037ac                task_run
                0x0000000000003822                task_switch
                0x0000000000003916                task_sleep
                0x0000000000003969                task_now
                0x00000000000039af                task_add
                0x0000000000003a0e                task_remove
                0x0000000000003adf                task_switchsub
                0x0000000000003b40                task_idle
 .text          0x0000000000003b4d       0xa4 myfunction.o
                0x0000000000003b4d                strcmp
                0x0000000000003b92                strncmp
 .text          0x0000000000003bf1      0x5fc window.o
                0x0000000000003bf1                make_window8
                0x0000000000003d7b                make_wtitle8
                0x0000000000003e6a                putfonts8_asc_sht
                0x0000000000003f09                make_textbox8
                0x0000000000004108                change_wtitle8
 .text          0x00000000000041ed     0x15a7 console.o
                0x00000000000041ed                console_task
                0x00000000000045ac                cons_putchar
                0x00000000000046b1                cons_newline
                0x00000000000047b4                cons_runcmd
                0x000000000000489f                cmd_mem
                0x00000000000048ed                cmd_cls
                0x0000000000004969                cmd_dir
                0x0000000000004a94                cmd_type
                0x0000000000004b82                cmd_app
                0x0000000000004edf                cons_putstr0
                0x0000000000004f0f                cons_putstr1
                0x0000000000004f4f                hrb_api
                0x00000000000055a8                inthandler0c
                0x000000000000560c                inthandler0d
                0x0000000000005670                hrb_api_linewin
 .text          0x0000000000005794      0x2ab file.o
                0x0000000000005794                file_readfat
                0x000000000000583e                file_loadfile
                0x00000000000058e2                file_search

.data           0x0000000000310000     0x1425 load address 0x0000000000005a3f
 *(.data)
 .data          0x0000000000310000      0x100 bootpack.o
 .data          0x0000000000310100      0x140 graphic.o
 .data          0x0000000000310240        0x0 dsctbl.o
 .data          0x0000000000310240     0x1000 hankaku.o
                0x0000000000310240                hankaku
 .data          0x0000000000311240        0x0 mysprintf.o
 .data          0x0000000000311240        0x0 int.o
 .data          0x0000000000311240        0x0 fifo.o
 .data          0x0000000000311240        0x0 keyboard.o
 .data          0x0000000000311240        0x0 mouse.o
 .data          0x0000000000311240        0x0 memory.o
 .data          0x0000000000311240        0x0 sheet.o
 .data          0x0000000000311240        0x0 timer.o
 .data          0x0000000000311240        0x0 mtask.o
 .data          0x0000000000311240        0x0 myfunction.o
 .data          0x0000000000311240       0xe0 window.o
 .data          0x0000000000311320        0x0 console.o
 .data          0x0000000000311320        0x0 file.o
 *(.rodata*)
 .rodata        0x0000000000311320       0x31 bootpack.o
 *fill*         0x0000000000311351        0x3 
 .rodata        0x0000000000311354       0xd1 console.o
 *(.bss)
 .bss           0x0000000000311425        0x0 bootpack.o
 .bss           0x0000000000311425        0x0 graphic.o
 .bss           0x0000000000311425        0x0 dsctbl.o
 .bss           0x0000000000311425        0x0 hankaku.o
 .bss           0x0000000000311425        0x0 mysprintf.o
 .bss           0x0000000000311425        0x0 int.o
 .bss           0x0000000000311425        0x0 fifo.o
 .bss           0x0000000000311425        0x0 keyboard.o
 .bss           0x0000000000311425        0x0 mouse.o
 .bss           0x0000000000311425        0x0 memory.o
 .bss           0x0000000000311425        0x0 sheet.o
 .bss           0x0000000000311425        0x0 timer.o
 .bss           0x0000000000311425        0x0 mtask.o
 .bss           0x0000000000311425        0x0 myfunction.o
 .bss           0x0000000000311425        0x0 window.o
 .bss           0x0000000000311425        0x0 console.o
 .bss           0x0000000000311425        0x0 file.o

/DISCARD/
 *(.eh_frame)
OUTPUT(bootpack.hrb binary)

.comment        0x0000000000000000      0x132
 .comment       0x0000000000000000       0x12 bootpack.o
 .comment       0x0000000000000012       0x12 graphic.o
 .comment       0x0000000000000024       0x12 dsctbl.o
 .comment       0x0000000000000036       0x12 hankaku.o
 .comment       0x0000000000000048       0x12 mysprintf.o
 .comment       0x000000000000005a       0x12 int.o
 .comment       0x000000000000006c       0x12 fifo.o
 .comment       0x000000000000007e       0x12 keyboard.o
 .comment       0x0000000000000090       0x12 mouse.o
 .comment       0x00000000000000a2       0x12 memory.o
 .comment       0x00000000000000b4       0x12 sheet.o
 .comment       0x00000000000000c6       0x12 timer.o
 .comment       0x00000000000000d8       0x12 mtask.o
 .comment       0x00000000000000ea       0x12 myfunction.o
 .comment       0x00000000000000fc       0x12 window.o
 .comment       0x000000000000010e       0x12 console.o
 .comment       0x0000000000000120       0x12 file.o

.debug_aranges  0x0000000000000000       0x20
 .debug_aranges
                0x0000000000000000       0x20 naskfunc.o

.debug_pubnames
                0x0000000000000000        0x0
 .debug_pubnames
                0x0000000000000000        0x0 naskfunc.o

.debug_info     0x0000000000000000       0x3e
 .debug_info    0x0000000000000000       0x3e naskfunc.o

.debug_abbrev   0x0000000000000000       0x1b
 .debug_abbrev  0x0000000000000000       0x1b naskfunc.o

.debug_line     0x0000000000000000      0x115
 .debug_line    0x0000000000000000      0x115 naskfunc.o

.debug_frame    0x0000000000000000        0x0
 .debug_frame   0x0000000000000000        0x0 naskfunc.o

.debug_loc      0x0000000000000000        0x0
 .debug_loc     0x0000000000000000        0x0 naskfunc.o

.bss            0x0000000000311440     0x2f34 load address 0x0000000000006e80
 COMMON         0x0000000000311440       0x2c int.o
                0x0000000000311440                keybuf
 COMMON         0x000000000031146c        0x8 keyboard.o
                0x000000000031146c                keyfifo
                0x0000000000311470                keydata0
 COMMON         0x0000000000311474        0x8 mouse.o
                0x0000000000311474                mousedata0
                0x0000000000311478                mousefifo
 *fill*         0x000000000031147c        0x4 
 COMMON         0x0000000000311480     0x2eec timer.o
                0x0000000000311480                timerctl
 COMMON         0x000000000031436c        0x8 mtask.o
                0x000000000031436c                taskctl
                0x0000000000314370                task_timer
