
Allocating common symbols
Common symbol       size              file

mousedata0          0x4               mouse.o
keyfifo             0x4               keyboard.o
taskctl             0x4               mtask.o
keybuf              0x2c              int.o
timerctl            0x2eec            timer.o
mousefifo           0x4               mouse.o
task_timer          0x4               mtask.o
keydata0            0x4               keyboard.o

Discarded input sections

 .eh_frame      0x0000000000000000       0x74 bootpack.o
 .eh_frame      0x0000000000000000      0x124 graphic.o
 .eh_frame      0x0000000000000000       0x78 dsctbl.o
 .eh_frame      0x0000000000000000       0x7c mysprintf.o
 .eh_frame      0x0000000000000000       0x58 int.o
 .eh_frame      0x0000000000000000       0x98 fifo.o
 .eh_frame      0x0000000000000000       0x78 keyboard.o
 .eh_frame      0x0000000000000000       0x78 mouse.o
 .eh_frame      0x0000000000000000      0x104 memory.o
 .eh_frame      0x0000000000000000      0x15c sheet.o
 .eh_frame      0x0000000000000000      0x118 timer.o
 .eh_frame      0x0000000000000000      0x16c mtask.o
 .eh_frame      0x0000000000000000       0x58 myfunction.o
 .eh_frame      0x0000000000000000       0xd0 window.o
 .eh_frame      0x0000000000000000      0x208 console.o
 .eh_frame      0x0000000000000000       0x78 file.o

Memory Configuration

Name             Origin             Length             Attributes
*default*        0x0000000000000000 0xffffffffffffffff

Linker script and memory map

LOAD bootpack.o
LOAD graphic.o
LOAD dsctbl.o
LOAD naskfunc.o
LOAD hankaku.o
LOAD mysprintf.o
LOAD int.o
LOAD fifo.o
LOAD keyboard.o
LOAD mouse.o
LOAD memory.o
LOAD sheet.o
LOAD timer.o
LOAD mtask.o
LOAD myfunction.o
LOAD window.o
LOAD console.o
LOAD file.o

.head           0x0000000000000000       0x24
                0x0000000000000000        0x4 LONG 0x10000
                0x0000000000000004        0x4 LONG 0x69726148
                0x0000000000000008        0x4 LONG 0x0
                0x000000000000000c        0x4 LONG 0x310000
                0x0000000000000010        0x4 LONG 0x1419 SIZEOF (.data)
                0x0000000000000014        0x4 LONG 0x5d4d LOADADDR (.data)
                0x0000000000000018        0x4 LONG 0xe9000000
                0x000000000000001c        0x4 LONG 0x10 (HariMain - 0x20)
                0x0000000000000020        0x4 LONG 0x0

.text           0x0000000000000030     0x5d1d
 *(.text)
 .text          0x0000000000000030      0xd85 bootpack.o
                0x0000000000000030                HariMain
                0x0000000000000d39                keywin_off
                0x0000000000000d77                keywin_on
 .text          0x0000000000000db5      0x6f7 graphic.o
                0x0000000000000db5                boxfill8
                0x0000000000000e04                init_palette
                0x0000000000000f6b                set_palette
                0x0000000000001011                init_screen
                0x000000000000122c                putfont8
                0x0000000000001324                putfonts8_asc
                0x0000000000001370                init_mouse_cursor8
                0x0000000000001440                putblock8_8
 .text          0x00000000000014ac      0x261 dsctbl.o
                0x00000000000014ac                init_gdtidt
                0x0000000000001657                set_segmdesc
                0x00000000000016ce                set_gatedesc
 *fill*         0x000000000000170d        0x3 
 .text          0x0000000000001710      0x1c3 naskfunc.o
                0x0000000000001710                io_hlt
                0x0000000000001712                io_cli
                0x0000000000001714                io_sti
                0x0000000000001716                io_stihlt
                0x0000000000001719                io_in8
                0x0000000000001724                io_in16
                0x0000000000001730                io_in32
                0x0000000000001736                io_out8
                0x0000000000001740                io_out16
                0x000000000000174b                io_out32
                0x0000000000001755                io_load_eflags
                0x0000000000001758                io_store_eflags
                0x000000000000175f                load_gdtr
                0x000000000000176f                load_idtr
                0x000000000000177f                load_cr0
                0x0000000000001783                store_cr0
                0x000000000000178b                load_tr
                0x0000000000001791                asm_inthandler20
                0x00000000000017a8                asm_inthandler21
                0x00000000000017bf                asm_inthandler27
                0x00000000000017d6                asm_inthandler2c
                0x00000000000017ed                asm_inthandler0c
                0x0000000000001811                asm_inthandler0d
                0x0000000000001831                memtest_sub
                0x0000000000001873                farjmp
                0x0000000000001878                farcall
                0x000000000000187d                asm_hrb_api
                0x000000000000189a                asm_end_app
                0x00000000000018a5                start_app
 .text          0x00000000000018d3        0x0 hankaku.o
 .text          0x00000000000018d3      0x1a2 mysprintf.o
                0x00000000000018d3                dec2asc
                0x000000000000194e                hex2asc
                0x00000000000019d9                sprintf
 .text          0x0000000000001a75       0xf3 int.o
                0x0000000000001a75                init_pic
                0x0000000000001b50                inthandler27
 .text          0x0000000000001b68      0x178 fifo.o
                0x0000000000001b68                fifo32_init
                0x0000000000001baf                fifo32_put
                0x0000000000001c5c                fifo32_get
                0x0000000000001ccb                fifo32_status
 .text          0x0000000000001ce0       0xa6 keyboard.o
                0x0000000000001ce0                wait_KBC_sendready
                0x0000000000001d00                init_keyboard
                0x0000000000001d41                inthandler21
 .text          0x0000000000001d86      0x1d8 mouse.o
                0x0000000000001d86                enable_mouse
                0x0000000000001dd4                mouse_decode
                0x0000000000001f07                inthandler2c
 .text          0x0000000000001f5e      0x4ab memory.o
                0x0000000000001f5e                memtest
                0x0000000000002015                memman_init
                0x0000000000002042                memman_total
                0x000000000000207a                memman_alloc
                0x0000000000002161                memman_free
                0x00000000000023ae                memman_alloc_4k
                0x00000000000023da                memman_free_4k
 .text          0x0000000000002409     0x101b sheet.o
                0x0000000000002409                shtctl_init
                0x00000000000024eb                sheet_alloc
                0x000000000000256b                sheet_setbuf
                0x0000000000002594                sheet_updown
                0x0000000000002913                sheet_refresh
                0x0000000000002987                sheet_slide
                0x0000000000002aa6                sheet_free
                0x0000000000002ad3                sheet_refreshsub
                0x000000000000310a                sheet_refreshmap
 .text          0x0000000000003424      0x3d3 timer.o
                0x0000000000003424                init_pit
                0x00000000000034ca                timer_alloc
                0x0000000000003547                timer_free
                0x0000000000003557                timer_init
                0x000000000000356f                timer_settime
                0x000000000000361e                inthandler20
                0x00000000000036cc                timer_cancel
                0x000000000000376c                timer_cancelall
 .text          0x00000000000037f7      0x71f mtask.o
                0x00000000000037f7                task_init
                0x0000000000003a44                task_alloc
                0x0000000000003b75                task_run
                0x0000000000003beb                task_switch
                0x0000000000003cdf                task_sleep
                0x0000000000003d32                task_now
                0x0000000000003d78                task_add
                0x0000000000003dd7                task_remove
                0x0000000000003ea8                task_switchsub
                0x0000000000003f09                task_idle
 .text          0x0000000000003f16       0xa4 myfunction.o
                0x0000000000003f16                strcmp
                0x0000000000003f5b                strncmp
 .text          0x0000000000003fba      0x5fc window.o
                0x0000000000003fba                make_window8
                0x0000000000004144                make_wtitle8
                0x0000000000004233                putfonts8_asc_sht
                0x00000000000042d2                make_textbox8
                0x00000000000044d1                change_wtitle8
 .text          0x00000000000045b6     0x14ec console.o
                0x00000000000045b6                console_task
                0x00000000000048c1                cons_putchar
                0x00000000000049c6                cons_newline
                0x0000000000004ac9                cons_putstr0
                0x0000000000004af9                cons_putstr1
                0x0000000000004b34                cons_runcmd
                0x0000000000004c1f                cmd_mem
                0x0000000000004c6d                cmd_cls
                0x0000000000004ce9                cmd_dir
                0x0000000000004e14                cmd_type
                0x0000000000004edf                cmd_app
                0x000000000000523c                hrb_api
                0x00000000000058b6                inthandler0c
                0x000000000000591a                inthandler0d
                0x000000000000597e                hrb_api_linewin
 .text          0x0000000000005aa2      0x2ab file.o
                0x0000000000005aa2                file_readfat
                0x0000000000005b4c                file_loadfile
                0x0000000000005bf0                file_search

.data           0x0000000000310000     0x1419 load address 0x0000000000005d4d
 *(.data)
 .data          0x0000000000310000      0x100 bootpack.o
 .data          0x0000000000310100      0x140 graphic.o
 .data          0x0000000000310240        0x0 dsctbl.o
 .data          0x0000000000310240     0x1000 hankaku.o
                0x0000000000310240                hankaku
 .data          0x0000000000311240        0x0 mysprintf.o
 .data          0x0000000000311240        0x0 int.o
 .data          0x0000000000311240        0x0 fifo.o
 .data          0x0000000000311240        0x0 keyboard.o
 .data          0x0000000000311240        0x0 mouse.o
 .data          0x0000000000311240        0x0 memory.o
 .data          0x0000000000311240        0x0 sheet.o
 .data          0x0000000000311240        0x0 timer.o
 .data          0x0000000000311240        0x0 mtask.o
 .data          0x0000000000311240        0x0 myfunction.o
 .data          0x0000000000311240       0xe0 window.o
 .data          0x0000000000311320        0x0 console.o
 .data          0x0000000000311320        0x0 file.o
 *(.rodata*)
 .rodata        0x0000000000311320       0x28 bootpack.o
 .rodata        0x0000000000311348       0xd1 console.o
 *(.bss)
 .bss           0x0000000000311419        0x0 bootpack.o
 .bss           0x0000000000311419        0x0 graphic.o
 .bss           0x0000000000311419        0x0 dsctbl.o
 .bss           0x0000000000311419        0x0 hankaku.o
 .bss           0x0000000000311419        0x0 mysprintf.o
 .bss           0x0000000000311419        0x0 int.o
 .bss           0x0000000000311419        0x0 fifo.o
 .bss           0x0000000000311419        0x0 keyboard.o
 .bss           0x0000000000311419        0x0 mouse.o
 .bss           0x0000000000311419        0x0 memory.o
 .bss           0x0000000000311419        0x0 sheet.o
 .bss           0x0000000000311419        0x0 timer.o
 .bss           0x0000000000311419        0x0 mtask.o
 .bss           0x0000000000311419        0x0 myfunction.o
 .bss           0x0000000000311419        0x0 window.o
 .bss           0x0000000000311419        0x0 console.o
 .bss           0x0000000000311419        0x0 file.o

/DISCARD/
 *(.eh_frame)
OUTPUT(bootpack.hrb binary)

.comment        0x0000000000000000      0x132
 .comment       0x0000000000000000       0x12 bootpack.o
 .comment       0x0000000000000012       0x12 graphic.o
 .comment       0x0000000000000024       0x12 dsctbl.o
 .comment       0x0000000000000036       0x12 hankaku.o
 .comment       0x0000000000000048       0x12 mysprintf.o
 .comment       0x000000000000005a       0x12 int.o
 .comment       0x000000000000006c       0x12 fifo.o
 .comment       0x000000000000007e       0x12 keyboard.o
 .comment       0x0000000000000090       0x12 mouse.o
 .comment       0x00000000000000a2       0x12 memory.o
 .comment       0x00000000000000b4       0x12 sheet.o
 .comment       0x00000000000000c6       0x12 timer.o
 .comment       0x00000000000000d8       0x12 mtask.o
 .comment       0x00000000000000ea       0x12 myfunction.o
 .comment       0x00000000000000fc       0x12 window.o
 .comment       0x000000000000010e       0x12 console.o
 .comment       0x0000000000000120       0x12 file.o

.debug_aranges  0x0000000000000000       0x20
 .debug_aranges
                0x0000000000000000       0x20 naskfunc.o

.debug_pubnames
                0x0000000000000000        0x0
 .debug_pubnames
                0x0000000000000000        0x0 naskfunc.o

.debug_info     0x0000000000000000       0x3e
 .debug_info    0x0000000000000000       0x3e naskfunc.o

.debug_abbrev   0x0000000000000000       0x1b
 .debug_abbrev  0x0000000000000000       0x1b naskfunc.o

.debug_line     0x0000000000000000      0x115
 .debug_line    0x0000000000000000      0x115 naskfunc.o

.debug_frame    0x0000000000000000        0x0
 .debug_frame   0x0000000000000000        0x0 naskfunc.o

.debug_loc      0x0000000000000000        0x0
 .debug_loc     0x0000000000000000        0x0 naskfunc.o

.bss            0x0000000000311420     0x2f34 load address 0x0000000000007180
 COMMON         0x0000000000311420       0x2c int.o
                0x0000000000311420                keybuf
 COMMON         0x000000000031144c        0x8 keyboard.o
                0x000000000031144c                keyfifo
                0x0000000000311450                keydata0
 COMMON         0x0000000000311454        0x8 mouse.o
                0x0000000000311454                mousedata0
                0x0000000000311458                mousefifo
 *fill*         0x000000000031145c        0x4 
 COMMON         0x0000000000311460     0x2eec timer.o
                0x0000000000311460                timerctl
 COMMON         0x000000000031434c        0x8 mtask.o
                0x000000000031434c                taskctl
                0x0000000000314350                task_timer
