
Allocating common symbols
Common symbol       size              file

mousedata0          0x4               mouse.o
keyfifo             0x4               keyboard.o
taskctl             0x4               mtask.o
keybuf              0x2c              int.o
timerctl            0x2eec            timer.o
mousefifo           0x4               mouse.o
task_timer          0x4               mtask.o
keydata0            0x4               keyboard.o

Discarded input sections

 .eh_frame      0x0000000000000000       0x94 bootpack.o
 .eh_frame      0x0000000000000000      0x124 graphic.o
 .eh_frame      0x0000000000000000       0x78 dsctbl.o
 .eh_frame      0x0000000000000000       0x7c mysprintf.o
 .eh_frame      0x0000000000000000       0x58 int.o
 .eh_frame      0x0000000000000000       0x98 fifo.o
 .eh_frame      0x0000000000000000       0x78 keyboard.o
 .eh_frame      0x0000000000000000       0x78 mouse.o
 .eh_frame      0x0000000000000000      0x104 memory.o
 .eh_frame      0x0000000000000000      0x15c sheet.o
 .eh_frame      0x0000000000000000      0x118 timer.o
 .eh_frame      0x0000000000000000      0x16c mtask.o
 .eh_frame      0x0000000000000000       0x58 myfunction.o
 .eh_frame      0x0000000000000000       0xd0 window.o
 .eh_frame      0x0000000000000000      0x208 console.o
 .eh_frame      0x0000000000000000       0x78 file.o

Memory Configuration

Name             Origin             Length             Attributes
*default*        0x0000000000000000 0xffffffffffffffff

Linker script and memory map

LOAD bootpack.o
LOAD graphic.o
LOAD dsctbl.o
LOAD naskfunc.o
LOAD hankaku.o
LOAD mysprintf.o
LOAD int.o
LOAD fifo.o
LOAD keyboard.o
LOAD mouse.o
LOAD memory.o
LOAD sheet.o
LOAD timer.o
LOAD mtask.o
LOAD myfunction.o
LOAD window.o
LOAD console.o
LOAD file.o

.head           0x0000000000000000       0x24
                0x0000000000000000        0x4 LONG 0x10000
                0x0000000000000004        0x4 LONG 0x69726148
                0x0000000000000008        0x4 LONG 0x0
                0x000000000000000c        0x4 LONG 0x310000
                0x0000000000000010        0x4 LONG 0x1419 SIZEOF (.data)
                0x0000000000000014        0x4 LONG 0x5ccd LOADADDR (.data)
                0x0000000000000018        0x4 LONG 0xe9000000
                0x000000000000001c        0x4 LONG 0x10 (HariMain - 0x20)
                0x0000000000000020        0x4 LONG 0x0

.text           0x0000000000000030     0x5c9d
 *(.text)
 .text          0x0000000000000030      0xcfa bootpack.o
                0x0000000000000030                HariMain
                0x0000000000000b27                keywin_off
                0x0000000000000b65                keywin_on
                0x0000000000000ba3                open_console
 .text          0x0000000000000d2a      0x6f7 graphic.o
                0x0000000000000d2a                boxfill8
                0x0000000000000d79                init_palette
                0x0000000000000ee0                set_palette
                0x0000000000000f86                init_screen
                0x00000000000011a1                putfont8
                0x0000000000001299                putfonts8_asc
                0x00000000000012e5                init_mouse_cursor8
                0x00000000000013b5                putblock8_8
 .text          0x0000000000001421      0x261 dsctbl.o
                0x0000000000001421                init_gdtidt
                0x00000000000015cc                set_segmdesc
                0x0000000000001643                set_gatedesc
 *fill*         0x0000000000001682        0xe 
 .text          0x0000000000001690      0x1c3 naskfunc.o
                0x0000000000001690                io_hlt
                0x0000000000001692                io_cli
                0x0000000000001694                io_sti
                0x0000000000001696                io_stihlt
                0x0000000000001699                io_in8
                0x00000000000016a4                io_in16
                0x00000000000016b0                io_in32
                0x00000000000016b6                io_out8
                0x00000000000016c0                io_out16
                0x00000000000016cb                io_out32
                0x00000000000016d5                io_load_eflags
                0x00000000000016d8                io_store_eflags
                0x00000000000016df                load_gdtr
                0x00000000000016ef                load_idtr
                0x00000000000016ff                load_cr0
                0x0000000000001703                store_cr0
                0x000000000000170b                load_tr
                0x0000000000001711                asm_inthandler20
                0x0000000000001728                asm_inthandler21
                0x000000000000173f                asm_inthandler27
                0x0000000000001756                asm_inthandler2c
                0x000000000000176d                asm_inthandler0c
                0x0000000000001791                asm_inthandler0d
                0x00000000000017b1                memtest_sub
                0x00000000000017f3                farjmp
                0x00000000000017f8                farcall
                0x00000000000017fd                asm_hrb_api
                0x000000000000181a                asm_end_app
                0x0000000000001825                start_app
 .text          0x0000000000001853        0x0 hankaku.o
 .text          0x0000000000001853      0x1a2 mysprintf.o
                0x0000000000001853                dec2asc
                0x00000000000018ce                hex2asc
                0x0000000000001959                sprintf
 .text          0x00000000000019f5       0xf3 int.o
                0x00000000000019f5                init_pic
                0x0000000000001ad0                inthandler27
 .text          0x0000000000001ae8      0x178 fifo.o
                0x0000000000001ae8                fifo32_init
                0x0000000000001b2f                fifo32_put
                0x0000000000001bdc                fifo32_get
                0x0000000000001c4b                fifo32_status
 .text          0x0000000000001c60       0xa6 keyboard.o
                0x0000000000001c60                wait_KBC_sendready
                0x0000000000001c80                init_keyboard
                0x0000000000001cc1                inthandler21
 .text          0x0000000000001d06      0x1d8 mouse.o
                0x0000000000001d06                enable_mouse
                0x0000000000001d54                mouse_decode
                0x0000000000001e87                inthandler2c
 .text          0x0000000000001ede      0x4ab memory.o
                0x0000000000001ede                memtest
                0x0000000000001f95                memman_init
                0x0000000000001fc2                memman_total
                0x0000000000001ffa                memman_alloc
                0x00000000000020e1                memman_free
                0x000000000000232e                memman_alloc_4k
                0x000000000000235a                memman_free_4k
 .text          0x0000000000002389     0x101b sheet.o
                0x0000000000002389                shtctl_init
                0x000000000000246b                sheet_alloc
                0x00000000000024eb                sheet_setbuf
                0x0000000000002514                sheet_updown
                0x0000000000002893                sheet_refresh
                0x0000000000002907                sheet_slide
                0x0000000000002a26                sheet_free
                0x0000000000002a53                sheet_refreshsub
                0x000000000000308a                sheet_refreshmap
 .text          0x00000000000033a4      0x3d3 timer.o
                0x00000000000033a4                init_pit
                0x000000000000344a                timer_alloc
                0x00000000000034c7                timer_free
                0x00000000000034d7                timer_init
                0x00000000000034ef                timer_settime
                0x000000000000359e                inthandler20
                0x000000000000364c                timer_cancel
                0x00000000000036ec                timer_cancelall
 .text          0x0000000000003777      0x71f mtask.o
                0x0000000000003777                task_init
                0x00000000000039c4                task_alloc
                0x0000000000003af5                task_run
                0x0000000000003b6b                task_switch
                0x0000000000003c5f                task_sleep
                0x0000000000003cb2                task_now
                0x0000000000003cf8                task_add
                0x0000000000003d57                task_remove
                0x0000000000003e28                task_switchsub
                0x0000000000003e89                task_idle
 .text          0x0000000000003e96       0xa4 myfunction.o
                0x0000000000003e96                strcmp
                0x0000000000003edb                strncmp
 .text          0x0000000000003f3a      0x5fc window.o
                0x0000000000003f3a                make_window8
                0x00000000000040c4                make_wtitle8
                0x00000000000041b3                putfonts8_asc_sht
                0x0000000000004252                make_textbox8
                0x0000000000004451                change_wtitle8
 .text          0x0000000000004536     0x14ec console.o
                0x0000000000004536                console_task
                0x0000000000004841                cons_putchar
                0x0000000000004946                cons_newline
                0x0000000000004a49                cons_putstr0
                0x0000000000004a79                cons_putstr1
                0x0000000000004ab4                cons_runcmd
                0x0000000000004b9f                cmd_mem
                0x0000000000004bed                cmd_cls
                0x0000000000004c69                cmd_dir
                0x0000000000004d94                cmd_type
                0x0000000000004e5f                cmd_app
                0x00000000000051bc                hrb_api
                0x0000000000005836                inthandler0c
                0x000000000000589a                inthandler0d
                0x00000000000058fe                hrb_api_linewin
 .text          0x0000000000005a22      0x2ab file.o
                0x0000000000005a22                file_readfat
                0x0000000000005acc                file_loadfile
                0x0000000000005b70                file_search

.data           0x0000000000310000     0x1419 load address 0x0000000000005ccd
 *(.data)
 .data          0x0000000000310000      0x100 bootpack.o
 .data          0x0000000000310100      0x140 graphic.o
 .data          0x0000000000310240        0x0 dsctbl.o
 .data          0x0000000000310240     0x1000 hankaku.o
                0x0000000000310240                hankaku
 .data          0x0000000000311240        0x0 mysprintf.o
 .data          0x0000000000311240        0x0 int.o
 .data          0x0000000000311240        0x0 fifo.o
 .data          0x0000000000311240        0x0 keyboard.o
 .data          0x0000000000311240        0x0 mouse.o
 .data          0x0000000000311240        0x0 memory.o
 .data          0x0000000000311240        0x0 sheet.o
 .data          0x0000000000311240        0x0 timer.o
 .data          0x0000000000311240        0x0 mtask.o
 .data          0x0000000000311240        0x0 myfunction.o
 .data          0x0000000000311240       0xe0 window.o
 .data          0x0000000000311320        0x0 console.o
 .data          0x0000000000311320        0x0 file.o
 *(.rodata*)
 .rodata        0x0000000000311320       0x28 bootpack.o
 .rodata        0x0000000000311348       0xd1 console.o
 *(.bss)
 .bss           0x0000000000311419        0x0 bootpack.o
 .bss           0x0000000000311419        0x0 graphic.o
 .bss           0x0000000000311419        0x0 dsctbl.o
 .bss           0x0000000000311419        0x0 hankaku.o
 .bss           0x0000000000311419        0x0 mysprintf.o
 .bss           0x0000000000311419        0x0 int.o
 .bss           0x0000000000311419        0x0 fifo.o
 .bss           0x0000000000311419        0x0 keyboard.o
 .bss           0x0000000000311419        0x0 mouse.o
 .bss           0x0000000000311419        0x0 memory.o
 .bss           0x0000000000311419        0x0 sheet.o
 .bss           0x0000000000311419        0x0 timer.o
 .bss           0x0000000000311419        0x0 mtask.o
 .bss           0x0000000000311419        0x0 myfunction.o
 .bss           0x0000000000311419        0x0 window.o
 .bss           0x0000000000311419        0x0 console.o
 .bss           0x0000000000311419        0x0 file.o

/DISCARD/
 *(.eh_frame)
OUTPUT(bootpack.hrb binary)

.comment        0x0000000000000000      0x132
 .comment       0x0000000000000000       0x12 bootpack.o
 .comment       0x0000000000000012       0x12 graphic.o
 .comment       0x0000000000000024       0x12 dsctbl.o
 .comment       0x0000000000000036       0x12 hankaku.o
 .comment       0x0000000000000048       0x12 mysprintf.o
 .comment       0x000000000000005a       0x12 int.o
 .comment       0x000000000000006c       0x12 fifo.o
 .comment       0x000000000000007e       0x12 keyboard.o
 .comment       0x0000000000000090       0x12 mouse.o
 .comment       0x00000000000000a2       0x12 memory.o
 .comment       0x00000000000000b4       0x12 sheet.o
 .comment       0x00000000000000c6       0x12 timer.o
 .comment       0x00000000000000d8       0x12 mtask.o
 .comment       0x00000000000000ea       0x12 myfunction.o
 .comment       0x00000000000000fc       0x12 window.o
 .comment       0x000000000000010e       0x12 console.o
 .comment       0x0000000000000120       0x12 file.o

.debug_aranges  0x0000000000000000       0x20
 .debug_aranges
                0x0000000000000000       0x20 naskfunc.o

.debug_pubnames
                0x0000000000000000        0x0
 .debug_pubnames
                0x0000000000000000        0x0 naskfunc.o

.debug_info     0x0000000000000000       0x3e
 .debug_info    0x0000000000000000       0x3e naskfunc.o

.debug_abbrev   0x0000000000000000       0x1b
 .debug_abbrev  0x0000000000000000       0x1b naskfunc.o

.debug_line     0x0000000000000000      0x115
 .debug_line    0x0000000000000000      0x115 naskfunc.o

.debug_frame    0x0000000000000000        0x0
 .debug_frame   0x0000000000000000        0x0 naskfunc.o

.debug_loc      0x0000000000000000        0x0
 .debug_loc     0x0000000000000000        0x0 naskfunc.o

.bss            0x0000000000311420     0x2f34 load address 0x0000000000007100
 COMMON         0x0000000000311420       0x2c int.o
                0x0000000000311420                keybuf
 COMMON         0x000000000031144c        0x8 keyboard.o
                0x000000000031144c                keyfifo
                0x0000000000311450                keydata0
 COMMON         0x0000000000311454        0x8 mouse.o
                0x0000000000311454                mousedata0
                0x0000000000311458                mousefifo
 *fill*         0x000000000031145c        0x4 
 COMMON         0x0000000000311460     0x2eec timer.o
                0x0000000000311460                timerctl
 COMMON         0x000000000031434c        0x8 mtask.o
                0x000000000031434c                taskctl
                0x0000000000314350                task_timer
