
Allocating common symbols
Common symbol       size              file

mousedata0          0x4               mouse.o
keyfifo             0x4               keyboard.o
taskctl             0x4               mtask.o
keybuf              0x2c              int.o
timerctl            0x2eec            timer.o
mousefifo           0x4               mouse.o
task_timer          0x4               mtask.o
keydata0            0x4               keyboard.o

Discarded input sections

 .eh_frame      0x0000000000000000       0x74 bootpack.o
 .eh_frame      0x0000000000000000      0x124 graphic.o
 .eh_frame      0x0000000000000000       0x78 dsctbl.o
 .eh_frame      0x0000000000000000       0x7c mysprintf.o
 .eh_frame      0x0000000000000000       0x58 int.o
 .eh_frame      0x0000000000000000       0x98 fifo.o
 .eh_frame      0x0000000000000000       0x78 keyboard.o
 .eh_frame      0x0000000000000000       0x78 mouse.o
 .eh_frame      0x0000000000000000      0x104 memory.o
 .eh_frame      0x0000000000000000      0x15c sheet.o
 .eh_frame      0x0000000000000000      0x118 timer.o
 .eh_frame      0x0000000000000000      0x16c mtask.o
 .eh_frame      0x0000000000000000       0x58 myfunction.o
 .eh_frame      0x0000000000000000       0xd0 window.o
 .eh_frame      0x0000000000000000      0x208 console.o
 .eh_frame      0x0000000000000000       0x78 file.o

Memory Configuration

Name             Origin             Length             Attributes
*default*        0x0000000000000000 0xffffffffffffffff

Linker script and memory map

LOAD bootpack.o
LOAD graphic.o
LOAD dsctbl.o
LOAD naskfunc.o
LOAD hankaku.o
LOAD mysprintf.o
LOAD int.o
LOAD fifo.o
LOAD keyboard.o
LOAD mouse.o
LOAD memory.o
LOAD sheet.o
LOAD timer.o
LOAD mtask.o
LOAD myfunction.o
LOAD window.o
LOAD console.o
LOAD file.o

.head           0x0000000000000000       0x24
                0x0000000000000000        0x4 LONG 0x10000
                0x0000000000000004        0x4 LONG 0x69726148
                0x0000000000000008        0x4 LONG 0x0
                0x000000000000000c        0x4 LONG 0x310000
                0x0000000000000010        0x4 LONG 0x1419 SIZEOF (.data)
                0x0000000000000014        0x4 LONG 0x570b LOADADDR (.data)
                0x0000000000000018        0x4 LONG 0xe9000000
                0x000000000000001c        0x4 LONG 0x10 (HariMain - 0x20)
                0x0000000000000020        0x4 LONG 0x0

.text           0x0000000000000030     0x56db
 *(.text)
 .text          0x0000000000000030      0xcd7 bootpack.o
                0x0000000000000030                HariMain
                0x0000000000000c8b                keywin_off
                0x0000000000000cc9                keywin_on
 .text          0x0000000000000d07      0x6f7 graphic.o
                0x0000000000000d07                boxfill8
                0x0000000000000d56                init_palette
                0x0000000000000ebd                set_palette
                0x0000000000000f63                init_screen
                0x000000000000117e                putfont8
                0x0000000000001276                putfonts8_asc
                0x00000000000012c2                init_mouse_cursor8
                0x0000000000001392                putblock8_8
 .text          0x00000000000013fe      0x261 dsctbl.o
                0x00000000000013fe                init_gdtidt
                0x00000000000015a9                set_segmdesc
                0x0000000000001620                set_gatedesc
 *fill*         0x000000000000165f        0x1 
 .text          0x0000000000001660      0x1c3 naskfunc.o
                0x0000000000001660                io_hlt
                0x0000000000001662                io_cli
                0x0000000000001664                io_sti
                0x0000000000001666                io_stihlt
                0x0000000000001669                io_in8
                0x0000000000001674                io_in16
                0x0000000000001680                io_in32
                0x0000000000001686                io_out8
                0x0000000000001690                io_out16
                0x000000000000169b                io_out32
                0x00000000000016a5                io_load_eflags
                0x00000000000016a8                io_store_eflags
                0x00000000000016af                load_gdtr
                0x00000000000016bf                load_idtr
                0x00000000000016cf                load_cr0
                0x00000000000016d3                store_cr0
                0x00000000000016db                load_tr
                0x00000000000016e1                asm_inthandler20
                0x00000000000016f8                asm_inthandler21
                0x000000000000170f                asm_inthandler27
                0x0000000000001726                asm_inthandler2c
                0x000000000000173d                asm_inthandler0c
                0x0000000000001761                asm_inthandler0d
                0x0000000000001781                memtest_sub
                0x00000000000017c3                farjmp
                0x00000000000017c8                farcall
                0x00000000000017cd                asm_hrb_api
                0x00000000000017ea                asm_end_app
                0x00000000000017f5                start_app
 .text          0x0000000000001823        0x0 hankaku.o
 .text          0x0000000000001823      0x1a2 mysprintf.o
                0x0000000000001823                dec2asc
                0x000000000000189e                hex2asc
                0x0000000000001929                sprintf
 .text          0x00000000000019c5       0xf3 int.o
                0x00000000000019c5                init_pic
                0x0000000000001aa0                inthandler27
 .text          0x0000000000001ab8      0x178 fifo.o
                0x0000000000001ab8                fifo32_init
                0x0000000000001aff                fifo32_put
                0x0000000000001bac                fifo32_get
                0x0000000000001c1b                fifo32_status
 .text          0x0000000000001c30       0xa6 keyboard.o
                0x0000000000001c30                wait_KBC_sendready
                0x0000000000001c50                init_keyboard
                0x0000000000001c91                inthandler21
 .text          0x0000000000001cd6      0x1d8 mouse.o
                0x0000000000001cd6                enable_mouse
                0x0000000000001d24                mouse_decode
                0x0000000000001e57                inthandler2c
 .text          0x0000000000001eae      0x4ab memory.o
                0x0000000000001eae                memtest
                0x0000000000001f65                memman_init
                0x0000000000001f92                memman_total
                0x0000000000001fca                memman_alloc
                0x00000000000020b1                memman_free
                0x00000000000022fe                memman_alloc_4k
                0x000000000000232a                memman_free_4k
 .text          0x0000000000002359      0xa82 sheet.o
                0x0000000000002359                shtctl_init
                0x000000000000243b                sheet_alloc
                0x00000000000024bb                sheet_setbuf
                0x00000000000024e4                sheet_updown
                0x0000000000002863                sheet_refresh
                0x00000000000028d7                sheet_slide
                0x00000000000029f6                sheet_free
                0x0000000000002a23                sheet_refreshsub
                0x0000000000002c0d                sheet_refreshmap
 .text          0x0000000000002ddb      0x3d3 timer.o
                0x0000000000002ddb                init_pit
                0x0000000000002e81                timer_alloc
                0x0000000000002efe                timer_free
                0x0000000000002f0e                timer_init
                0x0000000000002f26                timer_settime
                0x0000000000002fd5                inthandler20
                0x0000000000003083                timer_cancel
                0x0000000000003123                timer_cancelall
 .text          0x00000000000031ae      0x71f mtask.o
                0x00000000000031ae                task_init
                0x00000000000033fb                task_alloc
                0x000000000000352c                task_run
                0x00000000000035a2                task_switch
                0x0000000000003696                task_sleep
                0x00000000000036e9                task_now
                0x000000000000372f                task_add
                0x000000000000378e                task_remove
                0x000000000000385f                task_switchsub
                0x00000000000038c0                task_idle
 .text          0x00000000000038cd       0xa4 myfunction.o
                0x00000000000038cd                strcmp
                0x0000000000003912                strncmp
 .text          0x0000000000003971      0x5fc window.o
                0x0000000000003971                make_window8
                0x0000000000003afb                make_wtitle8
                0x0000000000003bea                putfonts8_asc_sht
                0x0000000000003c89                make_textbox8
                0x0000000000003e88                change_wtitle8
 .text          0x0000000000003f6d     0x14f3 console.o
                0x0000000000003f6d                console_task
                0x0000000000004278                cons_putchar
                0x000000000000437d                cons_newline
                0x0000000000004480                cons_runcmd
                0x000000000000456b                cmd_mem
                0x00000000000045b9                cmd_cls
                0x0000000000004635                cmd_dir
                0x0000000000004760                cmd_type
                0x000000000000484e                cmd_app
                0x0000000000004bab                cons_putstr0
                0x0000000000004bdb                cons_putstr1
                0x0000000000004c1b                hrb_api
                0x0000000000005274                inthandler0c
                0x00000000000052d8                inthandler0d
                0x000000000000533c                hrb_api_linewin
 .text          0x0000000000005460      0x2ab file.o
                0x0000000000005460                file_readfat
                0x000000000000550a                file_loadfile
                0x00000000000055ae                file_search

.data           0x0000000000310000     0x1419 load address 0x000000000000570b
 *(.data)
 .data          0x0000000000310000      0x100 bootpack.o
 .data          0x0000000000310100      0x140 graphic.o
 .data          0x0000000000310240        0x0 dsctbl.o
 .data          0x0000000000310240     0x1000 hankaku.o
                0x0000000000310240                hankaku
 .data          0x0000000000311240        0x0 mysprintf.o
 .data          0x0000000000311240        0x0 int.o
 .data          0x0000000000311240        0x0 fifo.o
 .data          0x0000000000311240        0x0 keyboard.o
 .data          0x0000000000311240        0x0 mouse.o
 .data          0x0000000000311240        0x0 memory.o
 .data          0x0000000000311240        0x0 sheet.o
 .data          0x0000000000311240        0x0 timer.o
 .data          0x0000000000311240        0x0 mtask.o
 .data          0x0000000000311240        0x0 myfunction.o
 .data          0x0000000000311240       0xe0 window.o
 .data          0x0000000000311320        0x0 console.o
 .data          0x0000000000311320        0x0 file.o
 *(.rodata*)
 .rodata        0x0000000000311320       0x28 bootpack.o
 .rodata        0x0000000000311348       0xd1 console.o
 *(.bss)
 .bss           0x0000000000311419        0x0 bootpack.o
 .bss           0x0000000000311419        0x0 graphic.o
 .bss           0x0000000000311419        0x0 dsctbl.o
 .bss           0x0000000000311419        0x0 hankaku.o
 .bss           0x0000000000311419        0x0 mysprintf.o
 .bss           0x0000000000311419        0x0 int.o
 .bss           0x0000000000311419        0x0 fifo.o
 .bss           0x0000000000311419        0x0 keyboard.o
 .bss           0x0000000000311419        0x0 mouse.o
 .bss           0x0000000000311419        0x0 memory.o
 .bss           0x0000000000311419        0x0 sheet.o
 .bss           0x0000000000311419        0x0 timer.o
 .bss           0x0000000000311419        0x0 mtask.o
 .bss           0x0000000000311419        0x0 myfunction.o
 .bss           0x0000000000311419        0x0 window.o
 .bss           0x0000000000311419        0x0 console.o
 .bss           0x0000000000311419        0x0 file.o

/DISCARD/
 *(.eh_frame)
OUTPUT(bootpack.hrb binary)

.comment        0x0000000000000000      0x132
 .comment       0x0000000000000000       0x12 bootpack.o
 .comment       0x0000000000000012       0x12 graphic.o
 .comment       0x0000000000000024       0x12 dsctbl.o
 .comment       0x0000000000000036       0x12 hankaku.o
 .comment       0x0000000000000048       0x12 mysprintf.o
 .comment       0x000000000000005a       0x12 int.o
 .comment       0x000000000000006c       0x12 fifo.o
 .comment       0x000000000000007e       0x12 keyboard.o
 .comment       0x0000000000000090       0x12 mouse.o
 .comment       0x00000000000000a2       0x12 memory.o
 .comment       0x00000000000000b4       0x12 sheet.o
 .comment       0x00000000000000c6       0x12 timer.o
 .comment       0x00000000000000d8       0x12 mtask.o
 .comment       0x00000000000000ea       0x12 myfunction.o
 .comment       0x00000000000000fc       0x12 window.o
 .comment       0x000000000000010e       0x12 console.o
 .comment       0x0000000000000120       0x12 file.o

.debug_aranges  0x0000000000000000       0x20
 .debug_aranges
                0x0000000000000000       0x20 naskfunc.o

.debug_pubnames
                0x0000000000000000        0x0
 .debug_pubnames
                0x0000000000000000        0x0 naskfunc.o

.debug_info     0x0000000000000000       0x3e
 .debug_info    0x0000000000000000       0x3e naskfunc.o

.debug_abbrev   0x0000000000000000       0x1b
 .debug_abbrev  0x0000000000000000       0x1b naskfunc.o

.debug_line     0x0000000000000000      0x115
 .debug_line    0x0000000000000000      0x115 naskfunc.o

.debug_frame    0x0000000000000000        0x0
 .debug_frame   0x0000000000000000        0x0 naskfunc.o

.debug_loc      0x0000000000000000        0x0
 .debug_loc     0x0000000000000000        0x0 naskfunc.o

.bss            0x0000000000311420     0x2f34 load address 0x0000000000006b40
 COMMON         0x0000000000311420       0x2c int.o
                0x0000000000311420                keybuf
 COMMON         0x000000000031144c        0x8 keyboard.o
                0x000000000031144c                keyfifo
                0x0000000000311450                keydata0
 COMMON         0x0000000000311454        0x8 mouse.o
                0x0000000000311454                mousedata0
                0x0000000000311458                mousefifo
 *fill*         0x000000000031145c        0x4 
 COMMON         0x0000000000311460     0x2eec timer.o
                0x0000000000311460                timerctl
 COMMON         0x000000000031434c        0x8 mtask.o
                0x000000000031434c                taskctl
                0x0000000000314350                task_timer
