
Allocating common symbols
Common symbol       size              file

mousedata0          0x4               mouse.o
keyfifo             0x4               keyboard.o
taskctl             0x4               mtask.o
keybuf              0x2c              int.o
timerctl            0x271c            timer.o
mousefifo           0x4               mouse.o
task_timer          0x4               mtask.o
keydata0            0x4               keyboard.o

Discarded input sections

 .eh_frame      0x0000000000000000       0x74 bootpack.o
 .eh_frame      0x0000000000000000      0x120 graphic.o
 .eh_frame      0x0000000000000000       0x78 dsctbl.o
 .eh_frame      0x0000000000000000       0x7c mysprintf.o
 .eh_frame      0x0000000000000000       0x58 int.o
 .eh_frame      0x0000000000000000       0x98 fifo.o
 .eh_frame      0x0000000000000000       0x78 keyboard.o
 .eh_frame      0x0000000000000000       0x78 mouse.o
 .eh_frame      0x0000000000000000      0x104 memory.o
 .eh_frame      0x0000000000000000      0x15c sheet.o
 .eh_frame      0x0000000000000000       0xd8 timer.o
 .eh_frame      0x0000000000000000      0x16c mtask.o
 .eh_frame      0x0000000000000000       0x58 myfunction.o
 .eh_frame      0x0000000000000000       0xd0 window.o
 .eh_frame      0x0000000000000000      0x204 console.o
 .eh_frame      0x0000000000000000       0x78 file.o

Memory Configuration

Name             Origin             Length             Attributes
*default*        0x0000000000000000 0xffffffffffffffff

Linker script and memory map

LOAD bootpack.o
LOAD graphic.o
LOAD dsctbl.o
LOAD naskfunc.o
LOAD hankaku.o
LOAD mysprintf.o
LOAD int.o
LOAD fifo.o
LOAD keyboard.o
LOAD mouse.o
LOAD memory.o
LOAD sheet.o
LOAD timer.o
LOAD mtask.o
LOAD myfunction.o
LOAD window.o
LOAD console.o
LOAD file.o

.head           0x0000000000000000       0x24
                0x0000000000000000        0x4 LONG 0x10000
                0x0000000000000004        0x4 LONG 0x69726148
                0x0000000000000008        0x4 LONG 0x0
                0x000000000000000c        0x4 LONG 0x310000
                0x0000000000000010        0x4 LONG 0x1425 SIZEOF (.data)
                0x0000000000000014        0x4 LONG 0x54e2 LOADADDR (.data)
                0x0000000000000018        0x4 LONG 0xe9000000
                0x000000000000001c        0x4 LONG 0x10 (HariMain - 0x20)
                0x0000000000000020        0x4 LONG 0x0

.text           0x0000000000000030     0x54b2
 *(.text)
 .text          0x0000000000000030      0xe3a bootpack.o
                0x0000000000000030                HariMain
                0x0000000000000da2                keywin_off
                0x0000000000000e1a                keywin_on
 .text          0x0000000000000e6a      0x5ad graphic.o
                0x0000000000000e6a                boxfill8
                0x0000000000000eb9                init_palette
                0x0000000000000ed6                set_palette
                0x0000000000000f7c                init_screen
                0x0000000000001197                putfont8
                0x000000000000128f                putfonts8_asc
                0x00000000000012db                init_mouse_cursor8
                0x00000000000013ab                putblock8_8
 .text          0x0000000000001417      0x261 dsctbl.o
                0x0000000000001417                init_gdtidt
                0x00000000000015c2                set_segmdesc
                0x0000000000001639                set_gatedesc
 *fill*         0x0000000000001678        0x8 
 .text          0x0000000000001680      0x1c3 naskfunc.o
                0x0000000000001680                io_hlt
                0x0000000000001682                io_cli
                0x0000000000001684                io_sti
                0x0000000000001686                io_stihlt
                0x0000000000001689                io_in8
                0x0000000000001694                io_in16
                0x00000000000016a0                io_in32
                0x00000000000016a6                io_out8
                0x00000000000016b0                io_out16
                0x00000000000016bb                io_out32
                0x00000000000016c5                io_load_eflags
                0x00000000000016c8                io_store_eflags
                0x00000000000016cf                load_gdtr
                0x00000000000016df                load_idtr
                0x00000000000016ef                load_cr0
                0x00000000000016f3                store_cr0
                0x00000000000016fb                load_tr
                0x0000000000001701                asm_inthandler20
                0x0000000000001718                asm_inthandler21
                0x000000000000172f                asm_inthandler27
                0x0000000000001746                asm_inthandler2c
                0x000000000000175d                asm_inthandler0c
                0x0000000000001781                asm_inthandler0d
                0x00000000000017a1                memtest_sub
                0x00000000000017e3                farjmp
                0x00000000000017e8                farcall
                0x00000000000017ed                asm_hrb_api
                0x000000000000180a                asm_end_app
                0x0000000000001815                start_app
 .text          0x0000000000001843        0x0 hankaku.o
 .text          0x0000000000001843      0x1a2 mysprintf.o
                0x0000000000001843                dec2asc
                0x00000000000018be                hex2asc
                0x0000000000001949                sprintf
 .text          0x00000000000019e5       0xf3 int.o
                0x00000000000019e5                init_pic
                0x0000000000001ac0                inthandler27
 .text          0x0000000000001ad8      0x178 fifo.o
                0x0000000000001ad8                fifo32_init
                0x0000000000001b1f                fifo32_put
                0x0000000000001bcc                fifo32_get
                0x0000000000001c3b                fifo32_status
 .text          0x0000000000001c50       0xa6 keyboard.o
                0x0000000000001c50                wait_KBC_sendready
                0x0000000000001c70                init_keyboard
                0x0000000000001cb1                inthandler21
 .text          0x0000000000001cf6      0x1d8 mouse.o
                0x0000000000001cf6                enable_mouse
                0x0000000000001d44                mouse_decode
                0x0000000000001e77                inthandler2c
 .text          0x0000000000001ece      0x4ab memory.o
                0x0000000000001ece                memtest
                0x0000000000001f85                memman_init
                0x0000000000001fb2                memman_total
                0x0000000000001fea                memman_alloc
                0x00000000000020d1                memman_free
                0x000000000000231e                memman_alloc_4k
                0x000000000000234a                memman_free_4k
 .text          0x0000000000002379      0xa82 sheet.o
                0x0000000000002379                shtctl_init
                0x000000000000245b                sheet_alloc
                0x00000000000024db                sheet_setbuf
                0x0000000000002504                sheet_updown
                0x0000000000002883                sheet_refresh
                0x00000000000028f7                sheet_slide
                0x0000000000002a16                sheet_free
                0x0000000000002a43                sheet_refreshsub
                0x0000000000002c2d                sheet_refreshmap
 .text          0x0000000000002dfb      0x29e timer.o
                0x0000000000002dfb                init_pit
                0x0000000000002ea2                timer_alloc
                0x0000000000002f0b                timer_free
                0x0000000000002f1b                timer_init
                0x0000000000002f33                timer_settime
                0x0000000000002feb                inthandler20
 .text          0x0000000000003099      0x710 mtask.o
                0x0000000000003099                task_init
                0x00000000000032dd                task_alloc
                0x0000000000003408                task_run
                0x000000000000347e                task_switch
                0x0000000000003572                task_sleep
                0x00000000000035c5                task_now
                0x000000000000360b                task_add
                0x000000000000366a                task_remove
                0x000000000000373b                task_switchsub
                0x000000000000379c                task_idle
 .text          0x00000000000037a9       0xa4 myfunction.o
                0x00000000000037a9                strcmp
                0x00000000000037ee                strncmp
 .text          0x000000000000384d      0x5fc window.o
                0x000000000000384d                make_window8
                0x00000000000039d7                make_wtitle8
                0x0000000000003ac6                putfonts8_asc_sht
                0x0000000000003b65                make_textbox8
                0x0000000000003d64                change_wtitle8
 .text          0x0000000000003e49     0x13ee console.o
                0x0000000000003e49                console_task
                0x00000000000041fb                cons_putchar
                0x0000000000004300                cons_newline
                0x0000000000004403                cons_runcmd
                0x00000000000044ee                cmd_mem
                0x000000000000453c                cmd_cls
                0x00000000000045b8                cmd_dir
                0x00000000000046e3                cmd_type
                0x00000000000047d1                cmd_app
                0x0000000000004adb                cons_putstr0
                0x0000000000004b0b                cons_putstr1
                0x0000000000004b4b                hrb_api
                0x000000000000504f                inthandler0c
                0x00000000000050b1                inthandler0d
                0x0000000000005113                hrb_api_linewin
 .text          0x0000000000005237      0x2ab file.o
                0x0000000000005237                file_readfat
                0x00000000000052e1                file_loadfile
                0x0000000000005385                file_search

.data           0x0000000000310000     0x1425 load address 0x00000000000054e2
 *(.data)
 .data          0x0000000000310000      0x100 bootpack.o
 .data          0x0000000000310100      0x140 graphic.o
 .data          0x0000000000310240        0x0 dsctbl.o
 .data          0x0000000000310240     0x1000 hankaku.o
                0x0000000000310240                hankaku
 .data          0x0000000000311240        0x0 mysprintf.o
 .data          0x0000000000311240        0x0 int.o
 .data          0x0000000000311240        0x0 fifo.o
 .data          0x0000000000311240        0x0 keyboard.o
 .data          0x0000000000311240        0x0 mouse.o
 .data          0x0000000000311240        0x0 memory.o
 .data          0x0000000000311240        0x0 sheet.o
 .data          0x0000000000311240        0x0 timer.o
 .data          0x0000000000311240        0x0 mtask.o
 .data          0x0000000000311240        0x0 myfunction.o
 .data          0x0000000000311240       0xe0 window.o
 .data          0x0000000000311320        0x0 console.o
 .data          0x0000000000311320        0x0 file.o
 *(.rodata*)
 .rodata        0x0000000000311320       0x31 bootpack.o
 *fill*         0x0000000000311351        0x3 
 .rodata        0x0000000000311354       0xd1 console.o
 *(.bss)
 .bss           0x0000000000311425        0x0 bootpack.o
 .bss           0x0000000000311425        0x0 graphic.o
 .bss           0x0000000000311425        0x0 dsctbl.o
 .bss           0x0000000000311425        0x0 hankaku.o
 .bss           0x0000000000311425        0x0 mysprintf.o
 .bss           0x0000000000311425        0x0 int.o
 .bss           0x0000000000311425        0x0 fifo.o
 .bss           0x0000000000311425        0x0 keyboard.o
 .bss           0x0000000000311425        0x0 mouse.o
 .bss           0x0000000000311425        0x0 memory.o
 .bss           0x0000000000311425        0x0 sheet.o
 .bss           0x0000000000311425        0x0 timer.o
 .bss           0x0000000000311425        0x0 mtask.o
 .bss           0x0000000000311425        0x0 myfunction.o
 .bss           0x0000000000311425        0x0 window.o
 .bss           0x0000000000311425        0x0 console.o
 .bss           0x0000000000311425        0x0 file.o

/DISCARD/
 *(.eh_frame)
OUTPUT(bootpack.hrb binary)

.comment        0x0000000000000000      0x132
 .comment       0x0000000000000000       0x12 bootpack.o
 .comment       0x0000000000000012       0x12 graphic.o
 .comment       0x0000000000000024       0x12 dsctbl.o
 .comment       0x0000000000000036       0x12 hankaku.o
 .comment       0x0000000000000048       0x12 mysprintf.o
 .comment       0x000000000000005a       0x12 int.o
 .comment       0x000000000000006c       0x12 fifo.o
 .comment       0x000000000000007e       0x12 keyboard.o
 .comment       0x0000000000000090       0x12 mouse.o
 .comment       0x00000000000000a2       0x12 memory.o
 .comment       0x00000000000000b4       0x12 sheet.o
 .comment       0x00000000000000c6       0x12 timer.o
 .comment       0x00000000000000d8       0x12 mtask.o
 .comment       0x00000000000000ea       0x12 myfunction.o
 .comment       0x00000000000000fc       0x12 window.o
 .comment       0x000000000000010e       0x12 console.o
 .comment       0x0000000000000120       0x12 file.o

.debug_aranges  0x0000000000000000       0x20
 .debug_aranges
                0x0000000000000000       0x20 naskfunc.o

.debug_pubnames
                0x0000000000000000        0x0
 .debug_pubnames
                0x0000000000000000        0x0 naskfunc.o

.debug_info     0x0000000000000000       0x3e
 .debug_info    0x0000000000000000       0x3e naskfunc.o

.debug_abbrev   0x0000000000000000       0x1b
 .debug_abbrev  0x0000000000000000       0x1b naskfunc.o

.debug_line     0x0000000000000000      0x115
 .debug_line    0x0000000000000000      0x115 naskfunc.o

.debug_frame    0x0000000000000000        0x0
 .debug_frame   0x0000000000000000        0x0 naskfunc.o

.debug_loc      0x0000000000000000        0x0
 .debug_loc     0x0000000000000000        0x0 naskfunc.o

.bss            0x0000000000311440     0x2764 load address 0x0000000000006940
 COMMON         0x0000000000311440       0x2c int.o
                0x0000000000311440                keybuf
 COMMON         0x000000000031146c        0x8 keyboard.o
                0x000000000031146c                keyfifo
                0x0000000000311470                keydata0
 COMMON         0x0000000000311474        0x8 mouse.o
                0x0000000000311474                mousedata0
                0x0000000000311478                mousefifo
 *fill*         0x000000000031147c        0x4 
 COMMON         0x0000000000311480     0x271c timer.o
                0x0000000000311480                timerctl
 COMMON         0x0000000000313b9c        0x8 mtask.o
                0x0000000000313b9c                taskctl
                0x0000000000313ba0                task_timer
